2025-08-07 16:28:11,942 - INFO - 📈 Loading forex data...
2025-08-07 16:28:15,585 - INFO - ✅ Data loaded successfully for 3 pairs
2025-08-07 16:28:15,585 - INFO -    • EURUSD: 12383 data points (2023-08-07 15:00:00+01:00 to 2025-08-07 15:00:00+01:00)
2025-08-07 16:28:15,585 - INFO -    • GBPUSD: 12383 data points (2023-08-07 15:00:00+01:00 to 2025-08-07 15:00:00+01:00)
2025-08-07 16:28:15,585 - INFO -    • USDJPY: 12317 data points (2023-08-07 15:00:00+01:00 to 2025-08-07 15:00:00+01:00)
2025-08-07 16:28:15,586 - INFO - 🎯 Initialized production-grade predictor for pairs: ['EURUSD', 'GBPUSD', 'USDJPY']
2025-08-07 16:28:15,586 - INFO - 🎯 Starting full training process...
2025-08-07 16:28:15,586 - INFO - 🚨 IMPLEMENTING PROPER TRAIN/TEST SPLIT TO PREVENT OVERFITTING
2025-08-07 16:28:15,586 - INFO -    Training split: 80.0%
2025-08-07 16:28:15,586 - INFO -    Testing split: 20.0%
2025-08-07 16:28:15,586 - INFO - Training EURUSD (1/3) with proper data split...
2025-08-07 16:28:15,586 - INFO -    📊 EURUSD data split:
2025-08-07 16:28:15,586 - INFO -       Training: 9906 samples (2023-08-07 15:00:00+01:00 to 2025-03-14 10:00:00+00:00)
2025-08-07 16:28:15,586 - INFO -       Testing:  2477 samples (2025-03-14 11:00:00+00:00 to 2025-08-07 15:00:00+01:00)
2025-08-07 16:28:15,601 - INFO -    🔧 Initializing environment and agent for EURUSD...
2025-08-07 16:28:15,602 - ERROR -    ❌ Failed to initialize environment/agent for EURUSD: operands could not be broadcast together with shapes (10,) (0,) 
2025-08-07 16:28:15,603 - INFO - Training GBPUSD (2/3) with proper data split...
2025-08-07 16:28:15,603 - INFO -    📊 GBPUSD data split:
2025-08-07 16:28:15,603 - INFO -       Training: 9906 samples (2023-08-07 15:00:00+01:00 to 2025-03-14 10:00:00+00:00)
2025-08-07 16:28:15,603 - INFO -       Testing:  2477 samples (2025-03-14 11:00:00+00:00 to 2025-08-07 15:00:00+01:00)
2025-08-07 16:28:15,616 - INFO -    🔧 Initializing environment and agent for GBPUSD...
2025-08-07 16:28:15,618 - ERROR -    ❌ Failed to initialize environment/agent for GBPUSD: operands could not be broadcast together with shapes (10,) (0,) 
2025-08-07 16:28:15,618 - INFO - Training USDJPY (3/3) with proper data split...
2025-08-07 16:28:15,618 - INFO -    📊 USDJPY data split:
2025-08-07 16:28:15,618 - INFO -       Training: 9853 samples (2023-08-07 15:00:00+01:00 to 2025-03-14 09:00:00+00:00)
2025-08-07 16:28:15,618 - INFO -       Testing:  2464 samples (2025-03-14 10:00:00+00:00 to 2025-08-07 15:00:00+01:00)
2025-08-07 16:28:15,630 - INFO -    🔧 Initializing environment and agent for USDJPY...
2025-08-07 16:28:15,631 - ERROR -    ❌ Failed to initialize environment/agent for USDJPY: operands could not be broadcast together with shapes (10,) (0,) 
2025-08-07 16:28:15,632 - INFO - 
================================================================================
2025-08-07 16:28:15,632 - INFO - 📊 COMPREHENSIVE TRAINING SUMMARY
2025-08-07 16:28:15,632 - INFO - ================================================================================
2025-08-07 16:28:15,632 - INFO - ✅ Good generalization across all pairs!
2025-08-07 16:28:15,633 - INFO - Model saved to models/forex_model_20250807_162815.pkl
2025-08-07 16:28:15,633 - INFO - Validation results saved to models/forex_model_20250807_162815_validation.json
2025-08-07 16:28:15,633 - INFO - ================================================================================
2025-08-07 16:28:15,634 - INFO - 🧪 Testing production model...
2025-08-07 16:28:15,641 - ERROR -    • EURUSD: Error in prediction - operands could not be broadcast together with shapes (10,) (0,) 
2025-08-07 16:28:15,649 - ERROR -    • GBPUSD: Error in prediction - operands could not be broadcast together with shapes (10,) (0,) 
2025-08-07 16:28:15,657 - ERROR -    • USDJPY: Error in prediction - operands could not be broadcast together with shapes (10,) (0,) 
2025-08-07 16:28:15,657 - INFO - Production-grade Forex AI training session ended.
