2025-08-07 19:09:12,663 - INFO - 📈 Loading forex data...
2025-08-07 19:09:13,021 - ERROR - $EURUSD=X: possibly delisted; no price data found  (period=2y)
2025-08-07 19:09:15,480 - INFO - ✅ Data loaded successfully for 2 pairs
2025-08-07 19:09:15,480 - INFO -    • GBPUSD: 12383 data points (2023-08-07 18:00:00+01:00 to 2025-08-07 18:00:00+01:00)
2025-08-07 19:09:15,481 - INFO -    • USDJPY: 12317 data points (2023-08-07 18:00:00+01:00 to 2025-08-07 18:00:00+01:00)
2025-08-07 19:09:15,481 - INFO - 🎯 Initialized production-grade predictor for pairs: ['GBPUSD', 'USDJPY']
2025-08-07 19:09:15,481 - INFO - 🎯 Starting full training process...
2025-08-07 19:09:15,481 - INFO - 🚨 IMPLEMENTING PROPER TRAIN/TEST SPLIT TO PREVENT OVERFITTING
2025-08-07 19:09:15,481 - INFO -    Training split: 80.0%
2025-08-07 19:09:15,481 - INFO -    Testing split: 20.0%
2025-08-07 19:09:15,481 - INFO - Training GBPUSD (1/2) with proper data split...
2025-08-07 19:09:15,481 - INFO -    📊 GBPUSD data split:
2025-08-07 19:09:15,481 - INFO -       Training: 9906 samples (2023-08-07 18:00:00+01:00 to 2025-03-14 13:00:00+00:00)
2025-08-07 19:09:15,481 - INFO -       Testing:  2477 samples (2025-03-14 14:00:00+00:00 to 2025-08-07 18:00:00+01:00)
2025-08-07 19:09:15,496 - INFO -    🔧 Initializing environment and agent for GBPUSD...
2025-08-07 19:09:15,496 - INFO -    ✅ Environment initialized. State size: 30
2025-08-07 19:09:16,013 - INFO -    ✅ Agent initialized. Memory size: 0
2025-08-07 19:09:16,013 - INFO -    🚀 Starting training for GBPUSD (100 epochs)...
2025-08-07 19:09:16,909 - WARNING - ⚠️  Training interrupted by user
2025-08-07 19:09:16,910 - INFO - Production-grade Forex AI training session ended.
