2025-08-07 14:46:03,237 - INFO - 📈 Loading forex data...
2025-08-07 14:46:05,433 - INFO - ✅ Data loaded successfully for 1 pairs
2025-08-07 14:46:05,433 - INFO -    • EURUSD: 1572 data points (2025-05-07 13:00:00+01:00 to 2025-08-07 13:00:00+01:00)
2025-08-07 14:46:05,433 - INFO - 🎯 Initialized production-grade predictor for pairs: ['EURUSD']
2025-08-07 14:46:05,433 - INFO - 🎯 Starting full training process...
2025-08-07 14:46:05,433 - INFO - 🚨 IMPLEMENTING PROPER TRAIN/TEST SPLIT TO PREVENT OVERFITTING
2025-08-07 14:46:05,433 - INFO -    Training split: 80.0%
2025-08-07 14:46:05,433 - INFO -    Testing split: 20.0%
2025-08-07 14:46:05,433 - INFO - Training EURUSD (1/1) with proper data split...
2025-08-07 14:46:05,433 - INFO -    📊 EURUSD data split:
2025-08-07 14:46:05,433 - INFO -       Training: 1257 samples (2025-05-07 13:00:00+01:00 to 2025-07-21 08:00:00+01:00)
2025-08-07 14:46:05,433 - INFO -       Testing:  315 samples (2025-07-21 09:00:00+01:00 to 2025-08-07 13:00:00+01:00)
2025-08-07 14:46:05,441 - INFO -    🔧 Initializing environment and agent for EURUSD...
2025-08-07 14:46:05,444 - INFO -    ✅ Environment initialized. State size: 206
2025-08-07 14:46:06,016 - INFO -    ✅ Agent initialized. Memory size: 0
2025-08-07 14:46:06,016 - INFO -    🚀 Starting training for EURUSD (5 epochs)...
2025-08-07 14:46:19,779 - INFO - 🧪 Testing EURUSD on UNSEEN data...
2025-08-07 14:46:20,677 - INFO - ✅ EURUSD training completed!
2025-08-07 14:46:20,678 - INFO -    📊 TRAINING metrics - Return: 0.00%, Sharpe: 0.00, Win Rate: 0.0%
2025-08-07 14:46:20,678 - INFO -    🧪 TESTING metrics  - Return: 0.00%, Sharpe: 0.00, Win Rate: 0.0%
2025-08-07 14:46:20,678 - INFO -    ✅ Good generalization for EURUSD (difference: 0.00)
2025-08-07 14:46:20,678 - INFO - 
================================================================================
2025-08-07 14:46:20,678 - INFO - 📊 COMPREHENSIVE TRAINING SUMMARY
2025-08-07 14:46:20,678 - INFO - ================================================================================
2025-08-07 14:46:20,678 - INFO - EURUSD:
2025-08-07 14:46:20,678 - INFO -   📈 Training Return: 0.00% | Testing Return: 0.00%
2025-08-07 14:46:20,678 - INFO -   📊 Training Sharpe: 0.00 | Testing Sharpe: 0.00
2025-08-07 14:46:20,678 - INFO -   🎯 Training WinRate: 0.0% | Testing WinRate: 0.0%
2025-08-07 14:46:20,678 - INFO -   📉 Training MaxDD: 0.0% | Testing MaxDD: 0.0%
2025-08-07 14:46:20,678 - INFO -   🔍 Overfitting Score: 0.00
2025-08-07 14:46:20,678 - INFO - 
2025-08-07 14:46:20,678 - INFO - ✅ Good generalization across all pairs!
2025-08-07 14:46:20,696 - INFO - Model saved to models/forex_model_20250807_144620.pkl
2025-08-07 14:46:20,696 - INFO - Validation results saved to models/forex_model_20250807_144620_validation.json
2025-08-07 14:46:20,696 - INFO - ================================================================================
2025-08-07 14:46:20,696 - INFO - 🧪 Testing production model...
2025-08-07 14:46:20,706 - ERROR -    • EURUSD: Error in prediction - only integers, slices (`:`), ellipsis (`...`), numpy.newaxis (`None`) and integer or boolean arrays are valid indices
2025-08-07 14:46:20,706 - INFO - Production-grade Forex AI training session ended.
