2025-08-07 16:53:27,036 - INFO - 📈 Loading forex data...
2025-08-07 16:53:30,746 - INFO - ✅ Data loaded successfully for 3 pairs
2025-08-07 16:53:30,746 - INFO -    • EURUSD: 12383 data points (2023-08-07 15:00:00+01:00 to 2025-08-07 15:00:00+01:00)
2025-08-07 16:53:30,746 - INFO -    • GBPUSD: 12383 data points (2023-08-07 15:00:00+01:00 to 2025-08-07 15:00:00+01:00)
2025-08-07 16:53:30,746 - INFO -    • USDJPY: 12317 data points (2023-08-07 15:00:00+01:00 to 2025-08-07 15:00:00+01:00)
2025-08-07 16:53:30,746 - INFO - 🎯 Initialized production-grade predictor for pairs: ['EURUSD', 'GBPUSD', 'USDJPY']
2025-08-07 16:53:30,746 - INFO - 🎯 Starting full training process...
2025-08-07 16:53:30,746 - INFO - 🚨 IMPLEMENTING PROPER TRAIN/TEST SPLIT TO PREVENT OVERFITTING
2025-08-07 16:53:30,746 - INFO -    Training split: 80.0%
2025-08-07 16:53:30,746 - INFO -    Testing split: 20.0%
2025-08-07 16:53:30,746 - INFO - Training EURUSD (1/3) with proper data split...
2025-08-07 16:53:30,747 - INFO -    📊 EURUSD data split:
2025-08-07 16:53:30,747 - INFO -       Training: 9906 samples (2023-08-07 15:00:00+01:00 to 2025-03-14 10:00:00+00:00)
2025-08-07 16:53:30,747 - INFO -       Testing:  2477 samples (2025-03-14 11:00:00+00:00 to 2025-08-07 15:00:00+01:00)
2025-08-07 16:53:30,763 - INFO -    🔧 Initializing environment and agent for EURUSD...
2025-08-07 16:53:30,763 - INFO -    ✅ Environment initialized. State size: 20
2025-08-07 16:53:31,345 - INFO -    ✅ Agent initialized. Memory size: 0
2025-08-07 16:53:31,345 - INFO -    🚀 Starting training for EURUSD (100 epochs)...
2025-08-07 16:53:40,223 - INFO - 
    EURUSD Epoch 20 - Return: -0.03%, Sharpe: -377.55, Trades: 983
2025-08-07 16:53:49,307 - INFO - 
    EURUSD Epoch 40 - Return: -0.01%, Sharpe: -385.83, Trades: 975
2025-08-07 16:53:59,030 - INFO - 
    EURUSD Epoch 60 - Return: -0.03%, Sharpe: -425.21, Trades: 989
2025-08-07 16:54:09,084 - INFO - 
    EURUSD Epoch 80 - Return: -0.04%, Sharpe: -392.16, Trades: 983
2025-08-07 16:54:19,016 - INFO - 🧪 Testing EURUSD on UNSEEN data...
2025-08-07 16:54:20,618 - INFO - ✅ EURUSD training completed!
2025-08-07 16:54:20,619 - INFO -    📊 TRAINING metrics - Return: -0.02%, Sharpe: -355.31, Win Rate: 23.7%
2025-08-07 16:54:20,619 - INFO -    🧪 TESTING metrics  - Return: -0.11%, Sharpe: -313.02, Win Rate: 23.1%
2025-08-07 16:54:20,619 - INFO -    ✅ Good generalization for EURUSD (difference: -42.29)
2025-08-07 16:54:20,619 - INFO - Training GBPUSD (2/3) with proper data split...
2025-08-07 16:54:20,619 - INFO -    📊 GBPUSD data split:
2025-08-07 16:54:20,619 - INFO -       Training: 9906 samples (2023-08-07 15:00:00+01:00 to 2025-03-14 10:00:00+00:00)
2025-08-07 16:54:20,619 - INFO -       Testing:  2477 samples (2025-03-14 11:00:00+00:00 to 2025-08-07 15:00:00+01:00)
2025-08-07 16:54:20,636 - INFO -    🔧 Initializing environment and agent for GBPUSD...
2025-08-07 16:54:20,653 - INFO -    ✅ Environment initialized. State size: 20
2025-08-07 16:54:20,655 - INFO -    ✅ Agent initialized. Memory size: 0
2025-08-07 16:54:20,655 - INFO -    🚀 Starting training for GBPUSD (100 epochs)...
2025-08-07 16:54:30,417 - INFO - 
    GBPUSD Epoch 20 - Return: -0.01%, Sharpe: -315.15, Trades: 997
2025-08-07 16:54:36,770 - WARNING - ⚠️  Training interrupted by user
2025-08-07 16:54:36,785 - INFO - Production-grade Forex AI training session ended.
