2025-08-07 17:41:23,706 - INFO - 📈 Loading forex data...
2025-08-07 17:41:27,837 - INFO - ✅ Data loaded successfully for 1 pairs
2025-08-07 17:41:27,837 - INFO -    • EURUSD: 12383 data points (2023-08-07 16:00:00+01:00 to 2025-08-07 16:00:00+01:00)
2025-08-07 17:41:27,837 - INFO - 🎯 Initialized production-grade predictor for pairs: ['EURUSD']
2025-08-07 17:41:27,837 - INFO - 🎯 Starting full training process...
2025-08-07 17:41:27,837 - INFO - 🚨 IMPLEMENTING PROPER TRAIN/TEST SPLIT TO PREVENT OVERFITTING
2025-08-07 17:41:27,837 - INFO -    Training split: 80.0%
2025-08-07 17:41:27,837 - INFO -    Testing split: 20.0%
2025-08-07 17:41:27,837 - INFO - Training EURUSD (1/1) with proper data split...
2025-08-07 17:41:27,837 - INFO -    📊 EURUSD data split:
2025-08-07 17:41:27,838 - INFO -       Training: 9906 samples (2023-08-07 16:00:00+01:00 to 2025-03-14 11:00:00+00:00)
2025-08-07 17:41:27,838 - INFO -       Testing:  2477 samples (2025-03-14 12:00:00+00:00 to 2025-08-07 16:00:00+01:00)
2025-08-07 17:41:27,852 - INFO -    🔧 Initializing environment and agent for EURUSD...
2025-08-07 17:41:27,852 - INFO -    ✅ Environment initialized. State size: 30
2025-08-07 17:41:28,447 - INFO -    ✅ Agent initialized. Memory size: 0
2025-08-07 17:41:28,447 - INFO -    🚀 Starting training for EURUSD (100 epochs)...
2025-08-07 17:41:38,614 - INFO - 
    EURUSD Epoch 20 - Return: -0.01%, Sharpe: -535.96, Trades: 776
2025-08-07 17:41:41,293 - WARNING - ⚠️  Training interrupted by user
2025-08-07 17:41:41,299 - INFO - Production-grade Forex AI training session ended.
