2025-08-07 17:01:02,565 - INFO - 📈 Loading forex data...
2025-08-07 17:01:06,117 - INFO - ✅ Data loaded successfully for 3 pairs
2025-08-07 17:01:06,118 - INFO -    • EURUSD: 12383 data points (2023-08-07 16:00:00+01:00 to 2025-08-07 16:00:00+01:00)
2025-08-07 17:01:06,118 - INFO -    • GBPUSD: 12383 data points (2023-08-07 16:00:00+01:00 to 2025-08-07 16:00:00+01:00)
2025-08-07 17:01:06,118 - INFO -    • USDJPY: 12317 data points (2023-08-07 16:00:00+01:00 to 2025-08-07 16:00:00+01:00)
2025-08-07 17:01:06,118 - INFO - 🎯 Initialized production-grade predictor for pairs: ['EURUSD', 'GBPUSD', 'USDJPY']
2025-08-07 17:01:06,118 - INFO - 🎯 Starting full training process...
2025-08-07 17:01:06,118 - INFO - 🚨 IMPLEMENTING PROPER TRAIN/TEST SPLIT TO PREVENT OVERFITTING
2025-08-07 17:01:06,118 - INFO -    Training split: 80.0%
2025-08-07 17:01:06,118 - INFO -    Testing split: 20.0%
2025-08-07 17:01:06,118 - INFO - Training EURUSD (1/3) with proper data split...
2025-08-07 17:01:06,119 - INFO -    📊 EURUSD data split:
2025-08-07 17:01:06,119 - INFO -       Training: 9906 samples (2023-08-07 16:00:00+01:00 to 2025-03-14 11:00:00+00:00)
2025-08-07 17:01:06,119 - INFO -       Testing:  2477 samples (2025-03-14 12:00:00+00:00 to 2025-08-07 16:00:00+01:00)
2025-08-07 17:01:06,134 - INFO -    🔧 Initializing environment and agent for EURUSD...
2025-08-07 17:01:06,134 - INFO -    ✅ Environment initialized. State size: 20
2025-08-07 17:01:06,788 - INFO -    ✅ Agent initialized. Memory size: 0
2025-08-07 17:01:06,789 - INFO -    🚀 Starting training for EURUSD (100 epochs)...
2025-08-07 17:01:18,255 - INFO - 
    EURUSD Epoch 20 - Return: -0.05%, Sharpe: -315.94, Trades: 977
2025-08-07 17:01:29,149 - INFO - 
    EURUSD Epoch 40 - Return: -0.02%, Sharpe: -282.29, Trades: 979
2025-08-07 17:01:40,484 - INFO - 
    EURUSD Epoch 60 - Return: -0.07%, Sharpe: -307.07, Trades: 975
2025-08-07 17:01:51,652 - INFO - 
    EURUSD Epoch 80 - Return: -0.06%, Sharpe: -274.44, Trades: 977
2025-08-07 17:02:02,719 - INFO - 🧪 Testing EURUSD on UNSEEN data...
2025-08-07 17:02:04,736 - INFO - ✅ EURUSD training completed!
2025-08-07 17:02:04,736 - INFO -    📊 TRAINING metrics - Return: -0.04%, Sharpe: -253.96, Win Rate: 22.2%
2025-08-07 17:02:04,754 - INFO -    🧪 TESTING metrics  - Return: -0.04%, Sharpe: -201.65, Win Rate: 23.0%
2025-08-07 17:02:04,754 - INFO -    ✅ Good generalization for EURUSD (difference: -52.31)
2025-08-07 17:02:04,754 - INFO - Training GBPUSD (2/3) with proper data split...
2025-08-07 17:02:04,755 - INFO -    📊 GBPUSD data split:
2025-08-07 17:02:04,755 - INFO -       Training: 9906 samples (2023-08-07 16:00:00+01:00 to 2025-03-14 11:00:00+00:00)
2025-08-07 17:02:04,755 - INFO -       Testing:  2477 samples (2025-03-14 12:00:00+00:00 to 2025-08-07 16:00:00+01:00)
2025-08-07 17:02:04,771 - INFO -    🔧 Initializing environment and agent for GBPUSD...
2025-08-07 17:02:04,789 - INFO -    ✅ Environment initialized. State size: 20
2025-08-07 17:02:04,791 - INFO -    ✅ Agent initialized. Memory size: 0
2025-08-07 17:02:04,791 - INFO -    🚀 Starting training for GBPUSD (100 epochs)...
2025-08-07 17:02:16,117 - INFO - 
    GBPUSD Epoch 20 - Return: 0.01%, Sharpe: -273.91, Trades: 987
2025-08-07 17:02:27,188 - INFO - 
    GBPUSD Epoch 40 - Return: 0.00%, Sharpe: -241.71, Trades: 985
2025-08-07 17:02:39,091 - INFO - 
    GBPUSD Epoch 60 - Return: 0.01%, Sharpe: -212.35, Trades: 985
2025-08-07 17:02:39,908 - WARNING - ⚠️  Training interrupted by user
2025-08-07 17:02:39,928 - INFO - Production-grade Forex AI training session ended.
