2025-08-07 15:18:42,985 - INFO - 📈 Loading forex data...
2025-08-07 15:18:48,211 - INFO - ✅ Data loaded successfully for 1 pairs
2025-08-07 15:18:48,211 - INFO -    • EURUSD: 12383 data points (2023-08-07 14:00:00+01:00 to 2025-08-07 14:00:00+01:00)
2025-08-07 15:18:48,211 - INFO - 🎯 Initialized production-grade predictor for pairs: ['EURUSD']
2025-08-07 15:18:48,211 - INFO - 🎯 Starting full training process...
2025-08-07 15:18:48,211 - INFO - 🚨 IMPLEMENTING PROPER TRAIN/TEST SPLIT TO PREVENT OVERFITTING
2025-08-07 15:18:48,211 - INFO -    Training split: 80.0%
2025-08-07 15:18:48,211 - INFO -    Testing split: 20.0%
2025-08-07 15:18:48,211 - INFO - Training EURUSD (1/1) with proper data split...
2025-08-07 15:18:48,211 - INFO -    📊 EURUSD data split:
2025-08-07 15:18:48,211 - INFO -       Training: 9906 samples (2023-08-07 14:00:00+01:00 to 2025-03-14 09:00:00+00:00)
2025-08-07 15:18:48,211 - INFO -       Testing:  2477 samples (2025-03-14 10:00:00+00:00 to 2025-08-07 14:00:00+01:00)
2025-08-07 15:18:48,228 - INFO -    🔧 Initializing environment and agent for EURUSD...
2025-08-07 15:18:48,231 - INFO -    ✅ Environment initialized. State size: 206
2025-08-07 15:18:48,837 - INFO -    ✅ Agent initialized. Memory size: 0
2025-08-07 15:18:48,837 - INFO -    🚀 Starting training for EURUSD (1 epochs)...
2025-08-07 15:18:51,765 - INFO - 🧪 Testing EURUSD on UNSEEN data...
2025-08-07 15:18:59,617 - INFO - ✅ EURUSD training completed!
2025-08-07 15:18:59,617 - INFO -    📊 TRAINING metrics - Return: -0.07%, Sharpe: -454.46, Win Rate: 22.2%
2025-08-07 15:18:59,617 - INFO -    🧪 TESTING metrics  - Return: -0.09%, Sharpe: -428.65, Win Rate: 24.1%
2025-08-07 15:18:59,617 - INFO -    ✅ Good generalization for EURUSD (difference: -25.81)
2025-08-07 15:18:59,617 - INFO - 
================================================================================
2025-08-07 15:18:59,617 - INFO - 📊 COMPREHENSIVE TRAINING SUMMARY
2025-08-07 15:18:59,617 - INFO - ================================================================================
2025-08-07 15:18:59,617 - INFO - EURUSD:
2025-08-07 15:18:59,617 - INFO -   📈 Training Return: -0.07% | Testing Return: -0.09%
2025-08-07 15:18:59,617 - INFO -   📊 Training Sharpe: -454.46 | Testing Sharpe: -428.65
2025-08-07 15:18:59,617 - INFO -   🎯 Training WinRate: 22.2% | Testing WinRate: 24.1%
2025-08-07 15:18:59,617 - INFO -   📉 Training MaxDD: 0.1% | Testing MaxDD: 0.1%
2025-08-07 15:18:59,618 - INFO -   🔍 Overfitting Score: -25.81
2025-08-07 15:18:59,618 - INFO - 
2025-08-07 15:18:59,618 - INFO - ✅ Good generalization across all pairs!
2025-08-07 15:18:59,639 - INFO - Model saved to models/forex_model_20250807_151859.pkl
2025-08-07 15:18:59,639 - INFO - Validation results saved to models/forex_model_20250807_151859_validation.json
2025-08-07 15:18:59,640 - INFO - ================================================================================
2025-08-07 15:18:59,640 - INFO - 🧪 Testing production model...
2025-08-07 15:18:59,650 - ERROR -    • EURUSD: Error in prediction - only integers, slices (`:`), ellipsis (`...`), numpy.newaxis (`None`) and integer or boolean arrays are valid indices
2025-08-07 15:18:59,651 - INFO - Production-grade Forex AI training session ended.
