2025-08-07 15:51:55,176 - INFO - 📈 Loading forex data...
2025-08-07 15:51:58,440 - INFO - ✅ Data loaded successfully for 1 pairs
2025-08-07 15:51:58,440 - INFO -    • USDJPY: 6146 data points (2024-08-07 14:00:00+01:00 to 2025-08-07 14:00:00+01:00)
2025-08-07 15:51:58,440 - INFO - 🎯 Initialized production-grade predictor for pairs: ['USDJPY']
2025-08-07 15:51:58,440 - INFO - 🎯 Starting full training process...
2025-08-07 15:51:58,440 - INFO - 🚨 IMPLEMENTING PROPER TRAIN/TEST SPLIT TO PREVENT OVERFITTING
2025-08-07 15:51:58,440 - INFO -    Training split: 80.0%
2025-08-07 15:51:58,440 - INFO -    Testing split: 20.0%
2025-08-07 15:51:58,440 - INFO - Training USDJPY (1/1) with proper data split...
2025-08-07 15:51:58,440 - INFO -    📊 USDJPY data split:
2025-08-07 15:51:58,441 - INFO -       Training: 4916 samples (2024-08-07 14:00:00+01:00 to 2025-05-27 13:00:00+01:00)
2025-08-07 15:51:58,441 - INFO -       Testing:  1230 samples (2025-05-27 14:00:00+01:00 to 2025-08-07 14:00:00+01:00)
2025-08-07 15:51:58,452 - INFO -    🔧 Initializing environment and agent for USDJPY...
2025-08-07 15:51:58,455 - INFO -    ✅ Environment initialized. State size: 206
2025-08-07 15:51:59,012 - INFO -    ✅ Agent initialized. Memory size: 0
2025-08-07 15:51:59,012 - INFO -    🚀 Starting training for USDJPY (500 epochs)...
2025-08-07 15:53:07,174 - INFO - 
    USDJPY Epoch 20 - Return: 28.54%, Sharpe: 1.08, Trades: 983
2025-08-07 15:54:21,531 - INFO - 
    USDJPY Epoch 40 - Return: 771.71%, Sharpe: 1.46, Trades: 928
2025-08-07 15:55:33,259 - INFO - 
    USDJPY Epoch 60 - Return: 7084.22%, Sharpe: 1.97, Trades: 979
2025-08-07 15:56:45,931 - INFO - 
    USDJPY Epoch 80 - Return: 5383.71%, Sharpe: 1.90, Trades: 973
2025-08-07 15:58:01,604 - INFO - 
    USDJPY Epoch 100 - Return: -4.75%, Sharpe: 0.69, Trades: 504
2025-08-07 15:59:16,862 - INFO - 
    USDJPY Epoch 120 - Return: -91.72%, Sharpe: -0.03, Trades: 506
2025-08-07 15:59:55,406 - WARNING - ⚠️  Training interrupted by user
2025-08-07 15:59:55,435 - INFO - Production-grade Forex AI training session ended.
