2025-08-07 14:54:32,477 - INFO - 📈 Loading forex data...
2025-08-07 14:54:46,086 - INFO - ✅ Data loaded successfully for 3 pairs
2025-08-07 14:54:46,086 - INFO -    • EURUSD: 12383 data points (2023-08-07 13:00:00+01:00 to 2025-08-07 13:00:00+01:00)
2025-08-07 14:54:46,087 - INFO -    • GBPUSD: 12383 data points (2023-08-07 13:00:00+01:00 to 2025-08-07 13:00:00+01:00)
2025-08-07 14:54:46,087 - INFO -    • USDJPY: 12317 data points (2023-08-07 13:00:00+01:00 to 2025-08-07 13:00:00+01:00)
2025-08-07 14:54:46,087 - INFO - 🎯 Initialized production-grade predictor for pairs: ['EURUSD', 'GBPUSD', 'USDJPY']
2025-08-07 14:54:46,087 - INFO - 🎯 Starting full training process...
2025-08-07 14:54:46,087 - INFO - 🚨 IMPLEMENTING PROPER TRAIN/TEST SPLIT TO PREVENT OVERFITTING
2025-08-07 14:54:46,087 - INFO -    Training split: 80.0%
2025-08-07 14:54:46,087 - INFO -    Testing split: 20.0%
2025-08-07 14:54:46,087 - INFO - Training EURUSD (1/3) with proper data split...
2025-08-07 14:54:46,087 - INFO -    📊 EURUSD data split:
2025-08-07 14:54:46,087 - INFO -       Training: 9906 samples (2023-08-07 13:00:00+01:00 to 2025-03-14 08:00:00+00:00)
2025-08-07 14:54:46,088 - INFO -       Testing:  2477 samples (2025-03-14 09:00:00+00:00 to 2025-08-07 13:00:00+01:00)
2025-08-07 14:54:46,109 - INFO -    🔧 Initializing environment and agent for EURUSD...
2025-08-07 14:54:46,114 - INFO -    ✅ Environment initialized. State size: 206
2025-08-07 14:54:46,933 - INFO -    ✅ Agent initialized. Memory size: 0
2025-08-07 14:54:46,933 - INFO -    🚀 Starting training for EURUSD (10 epochs)...
2025-08-07 14:54:51,637 - WARNING - ⚠️  Training interrupted by user
2025-08-07 14:54:51,639 - INFO - Production-grade Forex AI training session ended.
