2025-08-07 14:55:57,086 - INFO - 📈 Loading forex data...
2025-08-07 14:56:00,940 - INFO - ✅ Data loaded successfully for 3 pairs
2025-08-07 14:56:00,941 - INFO -    • EURUSD: 12383 data points (2023-08-07 13:00:00+01:00 to 2025-08-07 13:00:00+01:00)
2025-08-07 14:56:00,941 - INFO -    • GBPUSD: 12383 data points (2023-08-07 13:00:00+01:00 to 2025-08-07 13:00:00+01:00)
2025-08-07 14:56:00,941 - INFO -    • USDJPY: 12317 data points (2023-08-07 13:00:00+01:00 to 2025-08-07 13:00:00+01:00)
2025-08-07 14:56:00,941 - INFO - 🎯 Initialized production-grade predictor for pairs: ['EURUSD', 'GBPUSD', 'USDJPY']
2025-08-07 14:56:00,941 - INFO - 🎯 Starting full training process...
2025-08-07 14:56:00,941 - INFO - 🚨 IMPLEMENTING PROPER TRAIN/TEST SPLIT TO PREVENT OVERFITTING
2025-08-07 14:56:00,941 - INFO -    Training split: 80.0%
2025-08-07 14:56:00,941 - INFO -    Testing split: 20.0%
2025-08-07 14:56:00,941 - INFO - Training EURUSD (1/3) with proper data split...
2025-08-07 14:56:00,942 - INFO -    📊 EURUSD data split:
2025-08-07 14:56:00,942 - INFO -       Training: 9906 samples (2023-08-07 13:00:00+01:00 to 2025-03-14 08:00:00+00:00)
2025-08-07 14:56:00,942 - INFO -       Testing:  2477 samples (2025-03-14 09:00:00+00:00 to 2025-08-07 13:00:00+01:00)
2025-08-07 14:56:00,965 - INFO -    🔧 Initializing environment and agent for EURUSD...
2025-08-07 14:56:00,970 - INFO -    ✅ Environment initialized. State size: 206
2025-08-07 14:56:01,780 - INFO -    ✅ Agent initialized. Memory size: 0
2025-08-07 14:56:01,781 - INFO -    🚀 Starting training for EURUSD (5 epochs)...
2025-08-07 14:56:06,198 - WARNING - ⚠️  Training interrupted by user
2025-08-07 14:56:06,203 - INFO - Production-grade Forex AI training session ended.
