2025-08-07 14:48:28,150 - INFO - 📈 Loading forex data...
2025-08-07 14:48:30,626 - INFO - ✅ Data loaded successfully for 1 pairs
2025-08-07 14:48:30,626 - INFO -    • EURUSD: 1572 data points (2025-05-07 13:00:00+01:00 to 2025-08-07 13:00:00+01:00)
2025-08-07 14:48:30,626 - INFO - 🎯 Initialized production-grade predictor for pairs: ['EURUSD']
2025-08-07 14:48:30,626 - INFO - 🎯 Starting full training process...
2025-08-07 14:48:30,626 - INFO - 🚨 IMPLEMENTING PROPER TRAIN/TEST SPLIT TO PREVENT OVERFITTING
2025-08-07 14:48:30,626 - INFO -    Training split: 80.0%
2025-08-07 14:48:30,626 - INFO -    Testing split: 20.0%
2025-08-07 14:48:30,626 - INFO - Training EURUSD (1/1) with proper data split...
2025-08-07 14:48:30,626 - INFO -    📊 EURUSD data split:
2025-08-07 14:48:30,626 - INFO -       Training: 1257 samples (2025-05-07 13:00:00+01:00 to 2025-07-21 08:00:00+01:00)
2025-08-07 14:48:30,626 - INFO -       Testing:  315 samples (2025-07-21 09:00:00+01:00 to 2025-08-07 13:00:00+01:00)
2025-08-07 14:48:30,634 - INFO -    🔧 Initializing environment and agent for EURUSD...
2025-08-07 14:48:30,638 - INFO -    ✅ Environment initialized. State size: 206
2025-08-07 14:48:31,321 - INFO -    ✅ Agent initialized. Memory size: 0
2025-08-07 14:48:31,330 - INFO -    🚀 Starting training for EURUSD (5 epochs)...
2025-08-07 14:48:50,091 - INFO - 🧪 Testing EURUSD on UNSEEN data...
2025-08-07 14:48:51,136 - INFO - ✅ EURUSD training completed!
2025-08-07 14:48:51,136 - INFO -    📊 TRAINING metrics - Return: -1.39%, Sharpe: -18.87, Win Rate: 0.0%
2025-08-07 14:48:51,136 - INFO -    🧪 TESTING metrics  - Return: -1.57%, Sharpe: -14.56, Win Rate: 0.0%
2025-08-07 14:48:51,136 - INFO -    ✅ Good generalization for EURUSD (difference: -4.31)
2025-08-07 14:48:51,137 - INFO - 
================================================================================
2025-08-07 14:48:51,137 - INFO - 📊 COMPREHENSIVE TRAINING SUMMARY
2025-08-07 14:48:51,137 - INFO - ================================================================================
2025-08-07 14:48:51,137 - INFO - EURUSD:
2025-08-07 14:48:51,137 - INFO -   📈 Training Return: -1.39% | Testing Return: -1.57%
2025-08-07 14:48:51,137 - INFO -   📊 Training Sharpe: -18.87 | Testing Sharpe: -14.56
2025-08-07 14:48:51,137 - INFO -   🎯 Training WinRate: 0.0% | Testing WinRate: 0.0%
2025-08-07 14:48:51,137 - INFO -   📉 Training MaxDD: 1.4% | Testing MaxDD: 1.6%
2025-08-07 14:48:51,137 - INFO -   🔍 Overfitting Score: -4.31
2025-08-07 14:48:51,137 - INFO - 
2025-08-07 14:48:51,137 - INFO - ✅ Good generalization across all pairs!
2025-08-07 14:48:51,157 - INFO - Model saved to models/forex_model_20250807_144851.pkl
2025-08-07 14:48:51,157 - INFO - Validation results saved to models/forex_model_20250807_144851_validation.json
2025-08-07 14:48:51,157 - INFO - ================================================================================
2025-08-07 14:48:51,157 - INFO - 🧪 Testing production model...
2025-08-07 14:48:51,169 - ERROR -    • EURUSD: Error in prediction - only integers, slices (`:`), ellipsis (`...`), numpy.newaxis (`None`) and integer or boolean arrays are valid indices
2025-08-07 14:48:51,169 - INFO - Production-grade Forex AI training session ended.
