2025-08-07 15:35:06,277 - INFO - 📈 Loading forex data...
2025-08-07 15:35:12,759 - INFO - ✅ Data loaded successfully for 1 pairs
2025-08-07 15:35:12,759 - INFO -    • USDJPY: 6146 data points (2024-08-07 14:00:00+01:00 to 2025-08-07 14:00:00+01:00)
2025-08-07 15:35:12,759 - INFO - 🎯 Initialized production-grade predictor for pairs: ['USDJPY']
2025-08-07 15:35:12,760 - INFO - 🎯 Starting full training process...
2025-08-07 15:35:12,760 - INFO - 🚨 IMPLEMENTING PROPER TRAIN/TEST SPLIT TO PREVENT OVERFITTING
2025-08-07 15:35:12,760 - INFO -    Training split: 80.0%
2025-08-07 15:35:12,760 - INFO -    Testing split: 20.0%
2025-08-07 15:35:12,760 - INFO - Training USDJPY (1/1) with proper data split...
2025-08-07 15:35:12,760 - INFO -    📊 USDJPY data split:
2025-08-07 15:35:12,760 - INFO -       Training: 4916 samples (2024-08-07 14:00:00+01:00 to 2025-05-27 13:00:00+01:00)
2025-08-07 15:35:12,760 - INFO -       Testing:  1230 samples (2025-05-27 14:00:00+01:00 to 2025-08-07 14:00:00+01:00)
2025-08-07 15:35:12,771 - INFO -    🔧 Initializing environment and agent for USDJPY...
2025-08-07 15:35:12,774 - INFO -    ✅ Environment initialized. State size: 206
2025-08-07 15:35:13,326 - INFO -    ✅ Agent initialized. Memory size: 0
2025-08-07 15:35:13,326 - INFO -    🚀 Starting training for USDJPY (50 epochs)...
2025-08-07 15:36:21,792 - INFO - 
    USDJPY Epoch 20 - Return: -93.01%, Sharpe: -0.29, Trades: 438
2025-08-07 15:37:15,971 - WARNING - ⚠️  Training interrupted by user
2025-08-07 15:37:15,983 - INFO - Production-grade Forex AI training session ended.
