2025-08-05 13:35:16,690 - INFO - Loading enhanced models...
2025-08-05 13:35:18,536 - INFO - ✅ Enhanced model loaded: EURUSD=X
2025-08-05 13:35:18,645 - INFO - ✅ Enhanced model loaded: GBPUSD=X
2025-08-05 13:35:18,753 - INFO - ✅ Enhanced model loaded: USDJPY=X
2025-08-05 13:35:18,753 - INFO - 📊 Enhanced models ready: 3
2025-08-05 13:35:18,753 - INFO - 🚀 Starting live trading loop...
2025-08-05 13:35:21,820 - INFO - 🔵 OPENED SHORT EURUSD=X
2025-08-05 13:35:21,820 - INFO -    Entry: 1.15439
2025-08-05 13:35:21,820 - INFO -    TP: 1.15039 | SL: 1.15639
2025-08-05 13:35:21,820 - INFO -    Risk: $200.00
2025-08-05 13:35:21,820 - INFO -    Signal: 0.074 | Confidence: 0.640
2025-08-05 13:35:22,698 - INFO - 🔵 OPENED LONG GBPUSD=X
2025-08-05 13:35:22,698 - INFO -    Entry: 1.32796
2025-08-05 13:35:22,698 - INFO -    TP: 1.33196 | SL: 1.32596
2025-08-05 13:35:22,698 - INFO -    Risk: $200.00
2025-08-05 13:35:22,698 - INFO -    Signal: 0.105 | Confidence: 0.676
2025-08-05 13:35:23,593 - INFO - 🔵 OPENED LONG USDJPY=X
2025-08-05 13:35:23,593 - INFO -    Entry: 147.59150
2025-08-05 13:35:23,594 - INFO -    TP: 147.99150 | SL: 147.39150
2025-08-05 13:35:23,594 - INFO -    Risk: $200.00
2025-08-05 13:35:23,594 - INFO -    Signal: 0.097 | Confidence: 0.689
2025-08-05 13:35:39,469 - WARNING - Insufficient data for EURUSD=X
2025-08-05 13:35:39,656 - WARNING - Insufficient data for GBPUSD=X
2025-08-05 13:35:39,773 - WARNING - Insufficient data for USDJPY=X
2025-08-05 13:35:39,774 - INFO - Trading system stopped
2025-08-05 14:28:53,249 - INFO - Loading enhanced models...
2025-08-05 14:28:55,502 - INFO - ✅ Enhanced model loaded: EURUSD=X
2025-08-05 14:28:55,638 - INFO - ✅ Enhanced model loaded: GBPUSD=X
2025-08-05 14:28:55,775 - INFO - ✅ Enhanced model loaded: USDJPY=X
2025-08-05 14:28:55,776 - INFO - 📊 Enhanced models ready: 3
2025-08-05 14:28:55,776 - INFO - 🚀 Starting live trading loop...
2025-08-05 14:28:57,350 - INFO - 🔵 OPENED SHORT EURUSD=X
2025-08-05 14:28:57,350 - INFO -    Entry: 1.15373
2025-08-05 14:28:57,350 - INFO -    TP: 1.14973 | SL: 1.15573
2025-08-05 14:28:57,350 - INFO -    Risk: $200.00
2025-08-05 14:28:57,350 - INFO -    Signal: 0.074 | Confidence: 0.640
2025-08-05 14:28:58,132 - INFO - 🔵 OPENED LONG GBPUSD=X
2025-08-05 14:28:58,133 - INFO -    Entry: 1.32766
2025-08-05 14:28:58,133 - INFO -    TP: 1.33166 | SL: 1.32566
2025-08-05 14:28:58,133 - INFO -    Risk: $200.00
2025-08-05 14:28:58,133 - INFO -    Signal: 0.105 | Confidence: 0.676
2025-08-05 14:28:58,872 - INFO - 🔵 OPENED LONG USDJPY=X
2025-08-05 14:28:58,873 - INFO -    Entry: 147.67451
2025-08-05 14:28:58,873 - INFO -    TP: 148.07451 | SL: 147.47451
2025-08-05 14:28:58,873 - INFO -    Risk: $200.00
2025-08-05 14:28:58,873 - INFO -    Signal: 0.095 | Confidence: 0.689
2025-08-05 14:29:20,832 - WARNING - Insufficient data for EURUSD=X
2025-08-05 14:29:21,043 - WARNING - Insufficient data for GBPUSD=X
2025-08-05 14:29:21,247 - WARNING - Insufficient data for USDJPY=X
2025-08-05 14:29:21,247 - INFO - Trading system stopped
2025-08-05 14:43:42,635 - INFO - Starting Telegram Trading Bot...
2025-08-05 14:43:42,676 - ERROR - Bot error: no running event loop
2025-08-05 14:49:18,324 - INFO - Starting Telegram Trading Bot...
2025-08-05 14:49:18,362 - INFO - Telegram bot is running...
2025-08-05 14:49:21,746 - INFO - HTTP Request: POST https://api.telegram.org/bot8276493068:AAEXJXoOsG0jmXn6BIp5ikf-ZzW8nG0_gzk/getMe "HTTP/1.1 200 OK"
2025-08-05 14:49:21,831 - INFO - HTTP Request: POST https://api.telegram.org/bot8276493068:AAEXJXoOsG0jmXn6BIp5ikf-ZzW8nG0_gzk/deleteWebhook "HTTP/1.1 200 OK"
2025-08-05 14:49:21,833 - INFO - Application started
2025-08-05 14:49:32,331 - INFO - HTTP Request: POST https://api.telegram.org/bot8276493068:AAEXJXoOsG0jmXn6BIp5ikf-ZzW8nG0_gzk/getUpdates "HTTP/1.1 200 OK"
2025-08-05 14:49:42,541 - INFO - HTTP Request: POST https://api.telegram.org/bot8276493068:AAEXJXoOsG0jmXn6BIp5ikf-ZzW8nG0_gzk/getUpdates "HTTP/1.1 200 OK"
2025-08-05 14:49:52,633 - INFO - HTTP Request: POST https://api.telegram.org/bot8276493068:AAEXJXoOsG0jmXn6BIp5ikf-ZzW8nG0_gzk/getUpdates "HTTP/1.1 200 OK"
2025-08-05 14:50:02,768 - INFO - HTTP Request: POST https://api.telegram.org/bot8276493068:AAEXJXoOsG0jmXn6BIp5ikf-ZzW8nG0_gzk/getUpdates "HTTP/1.1 200 OK"
2025-08-05 14:50:12,889 - INFO - HTTP Request: POST https://api.telegram.org/bot8276493068:AAEXJXoOsG0jmXn6BIp5ikf-ZzW8nG0_gzk/getUpdates "HTTP/1.1 200 OK"
2025-08-05 14:50:14,126 - INFO - HTTP Request: POST https://api.telegram.org/bot8276493068:AAEXJXoOsG0jmXn6BIp5ikf-ZzW8nG0_gzk/getUpdates "HTTP/1.1 200 OK"
2025-08-05 14:50:15,323 - INFO - HTTP Request: POST https://api.telegram.org/bot8276493068:AAEXJXoOsG0jmXn6BIp5ikf-ZzW8nG0_gzk/sendMessage "HTTP/1.1 200 OK"
2025-08-05 14:50:22,652 - INFO - HTTP Request: POST https://api.telegram.org/bot8276493068:AAEXJXoOsG0jmXn6BIp5ikf-ZzW8nG0_gzk/getUpdates "HTTP/1.1 200 OK"
2025-08-05 14:50:22,970 - INFO - HTTP Request: POST https://api.telegram.org/bot8276493068:AAEXJXoOsG0jmXn6BIp5ikf-ZzW8nG0_gzk/sendMessage "HTTP/1.1 200 OK"
2025-08-05 14:50:25,681 - INFO - HTTP Request: POST https://api.telegram.org/bot8276493068:AAEXJXoOsG0jmXn6BIp5ikf-ZzW8nG0_gzk/getUpdates "HTTP/1.1 200 OK"
2025-08-05 14:50:25,908 - INFO - HTTP Request: POST https://api.telegram.org/bot8276493068:AAEXJXoOsG0jmXn6BIp5ikf-ZzW8nG0_gzk/answerCallbackQuery "HTTP/1.1 200 OK"
2025-08-05 14:50:25,909 - INFO - Loading enhanced models...
2025-08-05 14:50:28,028 - INFO - ✅ Enhanced model loaded: EURUSD=X
2025-08-05 14:50:28,151 - INFO - ✅ Enhanced model loaded: GBPUSD=X
2025-08-05 14:50:28,272 - INFO - ✅ Enhanced model loaded: USDJPY=X
2025-08-05 14:50:28,272 - INFO - 📊 Enhanced models ready: 3
2025-08-05 14:50:28,272 - INFO - Loading enhanced models...
2025-08-05 14:50:28,379 - INFO - ✅ Enhanced model loaded: EURUSD=X
2025-08-05 14:50:28,483 - INFO - ✅ Enhanced model loaded: GBPUSD=X
2025-08-05 14:50:28,583 - INFO - ✅ Enhanced model loaded: USDJPY=X
2025-08-05 14:50:28,583 - INFO - 📊 Enhanced models ready: 3
2025-08-05 14:50:28,583 - ERROR - Error starting trading: 'NoneType' object has no attribute 'reply_text'
2025-08-05 14:50:28,583 - ERROR - No error handlers are registered, logging exception.
Traceback (most recent call last):
  File "/home/timakha/main/t/eternity/telegram_trading_bot.py", line 187, in start_trading_command
    await update.message.reply_text(
          ^^^^^^^^^^^^^^^^^^^^^^^^^
AttributeError: 'NoneType' object has no attribute 'reply_text'

During handling of the above exception, another exception occurred:

Traceback (most recent call last):
  File "/home/timakha/main/t/forex_env/lib/python3.13/site-packages/telegram/ext/_application.py", line 1311, in process_update
    await coroutine
  File "/home/timakha/main/t/forex_env/lib/python3.13/site-packages/telegram/ext/_handlers/basehandler.py", line 158, in handle_update
    return await self.callback(update, context)
           ^^^^^^^^^^^^^^^^^^^^^^^^^^^^^^^^^^^^
  File "/home/timakha/main/t/eternity/telegram_trading_bot.py", line 271, in button_callback
    await self.start_trading_command(update, context)
  File "/home/timakha/main/t/eternity/telegram_trading_bot.py", line 196, in start_trading_command
    await update.message.reply_text(f"❌ Error starting trading: {str(e)}")
          ^^^^^^^^^^^^^^^^^^^^^^^^^
AttributeError: 'NoneType' object has no attribute 'reply_text'
2025-08-05 14:50:28,584 - INFO - 🚀 Starting live trading loop...
2025-08-05 14:50:30,595 - INFO - 🔵 OPENED SHORT EURUSD=X
2025-08-05 14:50:30,595 - INFO -    Entry: 1.15439
2025-08-05 14:50:30,595 - INFO -    TP: 1.15039 | SL: 1.15639
2025-08-05 14:50:30,595 - INFO -    Risk: $200.00
2025-08-05 14:50:30,595 - INFO -    Signal: 0.074 | Confidence: 0.640
2025-08-05 14:50:30,596 - ERROR - Error scanning EURUSD=X: 'side'
2025-08-05 14:50:31,440 - INFO - 🔵 OPENED LONG GBPUSD=X
2025-08-05 14:50:31,440 - INFO -    Entry: 1.32901
2025-08-05 14:50:31,440 - INFO -    TP: 1.33301 | SL: 1.32701
2025-08-05 14:50:31,440 - INFO -    Risk: $200.00
2025-08-05 14:50:31,440 - INFO -    Signal: 0.105 | Confidence: 0.676
2025-08-05 14:50:31,440 - ERROR - Error scanning GBPUSD=X: 'side'
2025-08-05 14:50:32,964 - INFO - 🔵 OPENED LONG USDJPY=X
2025-08-05 14:50:32,964 - INFO -    Entry: 147.66950
2025-08-05 14:50:32,964 - INFO -    TP: 148.06950 | SL: 147.46950
2025-08-05 14:50:32,964 - INFO -    Risk: $200.00
2025-08-05 14:50:32,964 - INFO -    Signal: 0.095 | Confidence: 0.689
2025-08-05 14:50:32,964 - ERROR - Error scanning USDJPY=X: 'side'
2025-08-05 14:50:35,790 - INFO - HTTP Request: POST https://api.telegram.org/bot8276493068:AAEXJXoOsG0jmXn6BIp5ikf-ZzW8nG0_gzk/getUpdates "HTTP/1.1 200 OK"
2025-08-05 14:50:36,121 - INFO - HTTP Request: POST https://api.telegram.org/bot8276493068:AAEXJXoOsG0jmXn6BIp5ikf-ZzW8nG0_gzk/getUpdates "HTTP/1.1 200 OK"
2025-08-05 14:50:36,660 - INFO - HTTP Request: POST https://api.telegram.org/bot8276493068:AAEXJXoOsG0jmXn6BIp5ikf-ZzW8nG0_gzk/answerCallbackQuery "HTTP/1.1 200 OK"
2025-08-05 14:50:36,885 - INFO - HTTP Request: POST https://api.telegram.org/bot8276493068:AAEXJXoOsG0jmXn6BIp5ikf-ZzW8nG0_gzk/editMessageText "HTTP/1.1 200 OK"
2025-08-05 14:50:42,068 - INFO - HTTP Request: POST https://api.telegram.org/bot8276493068:AAEXJXoOsG0jmXn6BIp5ikf-ZzW8nG0_gzk/getUpdates "HTTP/1.1 200 OK"
2025-08-05 14:50:43,470 - INFO - HTTP Request: POST https://api.telegram.org/bot8276493068:AAEXJXoOsG0jmXn6BIp5ikf-ZzW8nG0_gzk/sendMessage "HTTP/1.1 200 OK"
2025-08-05 14:50:45,157 - INFO - HTTP Request: POST https://api.telegram.org/bot8276493068:AAEXJXoOsG0jmXn6BIp5ikf-ZzW8nG0_gzk/getUpdates "HTTP/1.1 200 OK"
2025-08-05 14:50:45,532 - INFO - HTTP Request: POST https://api.telegram.org/bot8276493068:AAEXJXoOsG0jmXn6BIp5ikf-ZzW8nG0_gzk/answerCallbackQuery "HTTP/1.1 200 OK"
2025-08-05 14:50:45,532 - ERROR - No error handlers are registered, logging exception.
Traceback (most recent call last):
  File "/home/timakha/main/t/forex_env/lib/python3.13/site-packages/telegram/ext/_application.py", line 1311, in process_update
    await coroutine
  File "/home/timakha/main/t/forex_env/lib/python3.13/site-packages/telegram/ext/_handlers/basehandler.py", line 158, in handle_update
    return await self.callback(update, context)
           ^^^^^^^^^^^^^^^^^^^^^^^^^^^^^^^^^^^^
  File "/home/timakha/main/t/eternity/telegram_trading_bot.py", line 260, in button_callback
    await self.balance_command(update, context)
  File "/home/timakha/main/t/eternity/telegram_trading_bot.py", line 125, in balance_command
    await update.message.reply_text(balance_text, parse_mode='Markdown')
          ^^^^^^^^^^^^^^^^^^^^^^^^^
AttributeError: 'NoneType' object has no attribute 'reply_text'
2025-08-05 14:50:50,684 - INFO - HTTP Request: POST https://api.telegram.org/bot8276493068:AAEXJXoOsG0jmXn6BIp5ikf-ZzW8nG0_gzk/getUpdates "HTTP/1.1 200 OK"
2025-08-05 14:50:51,674 - INFO - HTTP Request: POST https://api.telegram.org/bot8276493068:AAEXJXoOsG0jmXn6BIp5ikf-ZzW8nG0_gzk/answerCallbackQuery "HTTP/1.1 200 OK"
2025-08-05 14:50:52,264 - INFO - HTTP Request: POST https://api.telegram.org/bot8276493068:AAEXJXoOsG0jmXn6BIp5ikf-ZzW8nG0_gzk/editMessageText "HTTP/1.1 200 OK"
2025-08-05 14:50:55,340 - INFO - HTTP Request: POST https://api.telegram.org/bot8276493068:AAEXJXoOsG0jmXn6BIp5ikf-ZzW8nG0_gzk/getUpdates "HTTP/1.1 200 OK"
2025-08-05 14:50:55,462 - INFO - HTTP Request: POST https://api.telegram.org/bot8276493068:AAEXJXoOsG0jmXn6BIp5ikf-ZzW8nG0_gzk/sendMessage "HTTP/1.1 200 OK"
2025-08-05 14:50:59,432 - INFO - HTTP Request: POST https://api.telegram.org/bot8276493068:AAEXJXoOsG0jmXn6BIp5ikf-ZzW8nG0_gzk/getUpdates "HTTP/1.1 200 OK"
2025-08-05 14:50:59,565 - INFO - HTTP Request: POST https://api.telegram.org/bot8276493068:AAEXJXoOsG0jmXn6BIp5ikf-ZzW8nG0_gzk/answerCallbackQuery "HTTP/1.1 200 OK"
2025-08-05 14:50:59,566 - ERROR - No error handlers are registered, logging exception.
Traceback (most recent call last):
  File "/home/timakha/main/t/forex_env/lib/python3.13/site-packages/telegram/ext/_application.py", line 1311, in process_update
    await coroutine
  File "/home/timakha/main/t/forex_env/lib/python3.13/site-packages/telegram/ext/_handlers/basehandler.py", line 158, in handle_update
    return await self.callback(update, context)
           ^^^^^^^^^^^^^^^^^^^^^^^^^^^^^^^^^^^^
  File "/home/timakha/main/t/eternity/telegram_trading_bot.py", line 263, in button_callback
    positions_text = self.get_positions_text()
  File "/home/timakha/main/t/eternity/telegram_trading_bot.py", line 314, in get_positions_text
    direction = "🔼 Long" if position['side'] == 'buy' else "🔽 Short"
                             ~~~~~~~~^^^^^^^^
KeyError: 'side'
2025-08-05 14:51:03,616 - INFO - HTTP Request: POST https://api.telegram.org/bot8276493068:AAEXJXoOsG0jmXn6BIp5ikf-ZzW8nG0_gzk/getUpdates "HTTP/1.1 200 OK"
2025-08-05 14:51:03,776 - INFO - HTTP Request: POST https://api.telegram.org/bot8276493068:AAEXJXoOsG0jmXn6BIp5ikf-ZzW8nG0_gzk/answerCallbackQuery "HTTP/1.1 200 OK"
2025-08-05 14:51:03,776 - ERROR - No error handlers are registered, logging exception.
Traceback (most recent call last):
  File "/home/timakha/main/t/forex_env/lib/python3.13/site-packages/telegram/ext/_application.py", line 1311, in process_update
    await coroutine
  File "/home/timakha/main/t/forex_env/lib/python3.13/site-packages/telegram/ext/_handlers/basehandler.py", line 158, in handle_update
    return await self.callback(update, context)
           ^^^^^^^^^^^^^^^^^^^^^^^^^^^^^^^^^^^^
  File "/home/timakha/main/t/eternity/telegram_trading_bot.py", line 263, in button_callback
    positions_text = self.get_positions_text()
  File "/home/timakha/main/t/eternity/telegram_trading_bot.py", line 314, in get_positions_text
    direction = "🔼 Long" if position['side'] == 'buy' else "🔽 Short"
                             ~~~~~~~~^^^^^^^^
KeyError: 'side'
2025-08-05 14:51:13,716 - INFO - HTTP Request: POST https://api.telegram.org/bot8276493068:AAEXJXoOsG0jmXn6BIp5ikf-ZzW8nG0_gzk/getUpdates "HTTP/1.1 200 OK"
2025-08-05 14:51:23,800 - INFO - HTTP Request: POST https://api.telegram.org/bot8276493068:AAEXJXoOsG0jmXn6BIp5ikf-ZzW8nG0_gzk/getUpdates "HTTP/1.1 200 OK"
2025-08-05 14:51:33,233 - WARNING - Insufficient data for EURUSD=X
2025-08-05 14:51:33,689 - WARNING - Insufficient data for GBPUSD=X
2025-08-05 14:51:33,839 - WARNING - Insufficient data for USDJPY=X
2025-08-05 14:51:33,913 - INFO - HTTP Request: POST https://api.telegram.org/bot8276493068:AAEXJXoOsG0jmXn6BIp5ikf-ZzW8nG0_gzk/getUpdates "HTTP/1.1 200 OK"
2025-08-05 14:51:34,025 - INFO - Daily risk limit reached
2025-08-05 14:51:34,375 - INFO - Daily risk limit reached
2025-08-05 14:51:34,655 - INFO - Daily risk limit reached
2025-08-05 14:51:44,070 - INFO - HTTP Request: POST https://api.telegram.org/bot8276493068:AAEXJXoOsG0jmXn6BIp5ikf-ZzW8nG0_gzk/getUpdates "HTTP/1.1 200 OK"
2025-08-05 14:51:54,458 - INFO - HTTP Request: POST https://api.telegram.org/bot8276493068:AAEXJXoOsG0jmXn6BIp5ikf-ZzW8nG0_gzk/getUpdates "HTTP/1.1 200 OK"
2025-08-05 14:52:04,623 - INFO - HTTP Request: POST https://api.telegram.org/bot8276493068:AAEXJXoOsG0jmXn6BIp5ikf-ZzW8nG0_gzk/getUpdates "HTTP/1.1 200 OK"
2025-08-05 14:52:14,697 - INFO - HTTP Request: POST https://api.telegram.org/bot8276493068:AAEXJXoOsG0jmXn6BIp5ikf-ZzW8nG0_gzk/getUpdates "HTTP/1.1 200 OK"
2025-08-05 14:52:24,902 - INFO - HTTP Request: POST https://api.telegram.org/bot8276493068:AAEXJXoOsG0jmXn6BIp5ikf-ZzW8nG0_gzk/getUpdates "HTTP/1.1 200 OK"
2025-08-05 14:52:34,833 - WARNING - Insufficient data for EURUSD=X
2025-08-05 14:52:34,995 - WARNING - Insufficient data for GBPUSD=X
2025-08-05 14:52:35,140 - INFO - HTTP Request: POST https://api.telegram.org/bot8276493068:AAEXJXoOsG0jmXn6BIp5ikf-ZzW8nG0_gzk/getUpdates "HTTP/1.1 200 OK"
2025-08-05 14:52:35,301 - WARNING - Insufficient data for USDJPY=X
2025-08-05 14:52:35,660 - INFO - Daily risk limit reached
2025-08-05 14:52:35,952 - INFO - Daily risk limit reached
2025-08-05 14:52:36,241 - INFO - Daily risk limit reached
2025-08-05 14:52:45,412 - INFO - HTTP Request: POST https://api.telegram.org/bot8276493068:AAEXJXoOsG0jmXn6BIp5ikf-ZzW8nG0_gzk/getUpdates "HTTP/1.1 200 OK"
2025-08-05 14:52:55,481 - INFO - HTTP Request: POST https://api.telegram.org/bot8276493068:AAEXJXoOsG0jmXn6BIp5ikf-ZzW8nG0_gzk/getUpdates "HTTP/1.1 200 OK"
2025-08-05 14:53:05,546 - INFO - HTTP Request: POST https://api.telegram.org/bot8276493068:AAEXJXoOsG0jmXn6BIp5ikf-ZzW8nG0_gzk/getUpdates "HTTP/1.1 200 OK"
2025-08-05 14:53:15,671 - INFO - HTTP Request: POST https://api.telegram.org/bot8276493068:AAEXJXoOsG0jmXn6BIp5ikf-ZzW8nG0_gzk/getUpdates "HTTP/1.1 200 OK"
2025-08-05 14:53:25,815 - INFO - HTTP Request: POST https://api.telegram.org/bot8276493068:AAEXJXoOsG0jmXn6BIp5ikf-ZzW8nG0_gzk/getUpdates "HTTP/1.1 200 OK"
2025-08-05 14:53:35,890 - INFO - HTTP Request: POST https://api.telegram.org/bot8276493068:AAEXJXoOsG0jmXn6BIp5ikf-ZzW8nG0_gzk/getUpdates "HTTP/1.1 200 OK"
2025-08-05 14:53:36,379 - WARNING - Insufficient data for EURUSD=X
2025-08-05 14:53:36,486 - WARNING - Insufficient data for GBPUSD=X
2025-08-05 14:53:36,599 - WARNING - Insufficient data for USDJPY=X
2025-08-05 14:53:36,782 - INFO - Daily risk limit reached
2025-08-05 14:53:37,001 - INFO - Daily risk limit reached
2025-08-05 14:53:37,203 - INFO - Daily risk limit reached
2025-08-05 14:53:46,037 - INFO - HTTP Request: POST https://api.telegram.org/bot8276493068:AAEXJXoOsG0jmXn6BIp5ikf-ZzW8nG0_gzk/getUpdates "HTTP/1.1 200 OK"
2025-08-05 14:56:52,648 - INFO - Starting Telegram Trading Bot...
2025-08-05 14:56:52,690 - INFO - Telegram bot is running...
2025-08-05 14:56:53,776 - INFO - HTTP Request: POST https://api.telegram.org/bot8276493068:AAEXJXoOsG0jmXn6BIp5ikf-ZzW8nG0_gzk/getMe "HTTP/1.1 200 OK"
2025-08-05 14:56:53,893 - INFO - HTTP Request: POST https://api.telegram.org/bot8276493068:AAEXJXoOsG0jmXn6BIp5ikf-ZzW8nG0_gzk/deleteWebhook "HTTP/1.1 200 OK"
2025-08-05 14:56:53,894 - INFO - Application started
2025-08-05 14:57:05,995 - INFO - HTTP Request: POST https://api.telegram.org/bot8276493068:AAEXJXoOsG0jmXn6BIp5ikf-ZzW8nG0_gzk/getUpdates "HTTP/1.1 200 OK"
2025-08-05 14:57:16,065 - INFO - HTTP Request: POST https://api.telegram.org/bot8276493068:AAEXJXoOsG0jmXn6BIp5ikf-ZzW8nG0_gzk/getUpdates "HTTP/1.1 200 OK"
2025-08-05 14:57:26,293 - INFO - HTTP Request: POST https://api.telegram.org/bot8276493068:AAEXJXoOsG0jmXn6BIp5ikf-ZzW8nG0_gzk/getUpdates "HTTP/1.1 200 OK"
2025-08-05 14:57:36,738 - INFO - HTTP Request: POST https://api.telegram.org/bot8276493068:AAEXJXoOsG0jmXn6BIp5ikf-ZzW8nG0_gzk/getUpdates "HTTP/1.1 200 OK"
2025-08-05 14:57:46,976 - INFO - HTTP Request: POST https://api.telegram.org/bot8276493068:AAEXJXoOsG0jmXn6BIp5ikf-ZzW8nG0_gzk/getUpdates "HTTP/1.1 200 OK"
2025-08-05 14:57:57,202 - INFO - HTTP Request: POST https://api.telegram.org/bot8276493068:AAEXJXoOsG0jmXn6BIp5ikf-ZzW8nG0_gzk/getUpdates "HTTP/1.1 200 OK"
2025-08-05 14:58:07,277 - INFO - HTTP Request: POST https://api.telegram.org/bot8276493068:AAEXJXoOsG0jmXn6BIp5ikf-ZzW8nG0_gzk/getUpdates "HTTP/1.1 200 OK"
2025-08-05 14:58:17,341 - INFO - HTTP Request: POST https://api.telegram.org/bot8276493068:AAEXJXoOsG0jmXn6BIp5ikf-ZzW8nG0_gzk/getUpdates "HTTP/1.1 200 OK"
2025-08-05 14:58:25,207 - INFO - HTTP Request: POST https://api.telegram.org/bot8276493068:AAEXJXoOsG0jmXn6BIp5ikf-ZzW8nG0_gzk/getUpdates "HTTP/1.1 200 OK"
2025-08-05 14:58:26,066 - INFO - HTTP Request: POST https://api.telegram.org/bot8276493068:AAEXJXoOsG0jmXn6BIp5ikf-ZzW8nG0_gzk/sendMessage "HTTP/1.1 200 OK"
2025-08-05 14:58:27,928 - INFO - HTTP Request: POST https://api.telegram.org/bot8276493068:AAEXJXoOsG0jmXn6BIp5ikf-ZzW8nG0_gzk/getUpdates "HTTP/1.1 200 OK"
2025-08-05 14:58:28,010 - INFO - HTTP Request: POST https://api.telegram.org/bot8276493068:AAEXJXoOsG0jmXn6BIp5ikf-ZzW8nG0_gzk/answerCallbackQuery "HTTP/1.1 200 OK"
2025-08-05 14:58:28,011 - INFO - Loading enhanced models...
2025-08-05 14:58:30,250 - INFO - ✅ Enhanced model loaded: EURUSD=X
2025-08-05 14:58:30,404 - INFO - ✅ Enhanced model loaded: GBPUSD=X
2025-08-05 14:58:30,533 - INFO - ✅ Enhanced model loaded: USDJPY=X
2025-08-05 14:58:30,534 - INFO - 📊 Enhanced models ready: 3
2025-08-05 14:58:30,534 - INFO - Loading enhanced models...
2025-08-05 14:58:30,636 - INFO - ✅ Enhanced model loaded: EURUSD=X
2025-08-05 14:58:30,740 - INFO - ✅ Enhanced model loaded: GBPUSD=X
2025-08-05 14:58:30,843 - INFO - ✅ Enhanced model loaded: USDJPY=X
2025-08-05 14:58:30,843 - INFO - 📊 Enhanced models ready: 3
2025-08-05 14:58:30,843 - ERROR - Error starting signals: 'NoneType' object has no attribute 'reply_text'
2025-08-05 14:58:30,843 - ERROR - No error handlers are registered, logging exception.
Traceback (most recent call last):
  File "/home/timakha/main/t/eternity/telegram_trading_bot.py", line 203, in start_signals_command
    await update.message.reply_text(
          ^^^^^^^^^^^^^^^^^^^^^^^^^
AttributeError: 'NoneType' object has no attribute 'reply_text'

During handling of the above exception, another exception occurred:

Traceback (most recent call last):
  File "/home/timakha/main/t/forex_env/lib/python3.13/site-packages/telegram/ext/_application.py", line 1311, in process_update
    await coroutine
  File "/home/timakha/main/t/forex_env/lib/python3.13/site-packages/telegram/ext/_handlers/basehandler.py", line 158, in handle_update
    return await self.callback(update, context)
           ^^^^^^^^^^^^^^^^^^^^^^^^^^^^^^^^^^^^
  File "/home/timakha/main/t/eternity/telegram_trading_bot.py", line 320, in button_callback
    await self.start_signals_command(update, context)
  File "/home/timakha/main/t/eternity/telegram_trading_bot.py", line 214, in start_signals_command
    await update.message.reply_text(f"❌ Error starting signals: {str(e)}")
          ^^^^^^^^^^^^^^^^^^^^^^^^^
AttributeError: 'NoneType' object has no attribute 'reply_text'
2025-08-05 14:58:37,998 - INFO - HTTP Request: POST https://api.telegram.org/bot8276493068:AAEXJXoOsG0jmXn6BIp5ikf-ZzW8nG0_gzk/getUpdates "HTTP/1.1 200 OK"
2025-08-05 14:58:48,276 - INFO - HTTP Request: POST https://api.telegram.org/bot8276493068:AAEXJXoOsG0jmXn6BIp5ikf-ZzW8nG0_gzk/getUpdates "HTTP/1.1 200 OK"
2025-08-05 14:58:58,382 - INFO - HTTP Request: POST https://api.telegram.org/bot8276493068:AAEXJXoOsG0jmXn6BIp5ikf-ZzW8nG0_gzk/getUpdates "HTTP/1.1 200 OK"
2025-08-05 14:59:09,091 - INFO - HTTP Request: POST https://api.telegram.org/bot8276493068:AAEXJXoOsG0jmXn6BIp5ikf-ZzW8nG0_gzk/getUpdates "HTTP/1.1 200 OK"
2025-08-05 14:59:19,310 - INFO - HTTP Request: POST https://api.telegram.org/bot8276493068:AAEXJXoOsG0jmXn6BIp5ikf-ZzW8nG0_gzk/getUpdates "HTTP/1.1 200 OK"
2025-08-05 14:59:29,883 - INFO - HTTP Request: POST https://api.telegram.org/bot8276493068:AAEXJXoOsG0jmXn6BIp5ikf-ZzW8nG0_gzk/getUpdates "HTTP/1.1 200 OK"
2025-08-05 14:59:40,030 - INFO - HTTP Request: POST https://api.telegram.org/bot8276493068:AAEXJXoOsG0jmXn6BIp5ikf-ZzW8nG0_gzk/getUpdates "HTTP/1.1 200 OK"
2025-08-05 14:59:50,248 - INFO - HTTP Request: POST https://api.telegram.org/bot8276493068:AAEXJXoOsG0jmXn6BIp5ikf-ZzW8nG0_gzk/getUpdates "HTTP/1.1 200 OK"
2025-08-05 15:00:00,831 - INFO - HTTP Request: POST https://api.telegram.org/bot8276493068:AAEXJXoOsG0jmXn6BIp5ikf-ZzW8nG0_gzk/getUpdates "HTTP/1.1 200 OK"
2025-08-05 15:00:11,126 - INFO - HTTP Request: POST https://api.telegram.org/bot8276493068:AAEXJXoOsG0jmXn6BIp5ikf-ZzW8nG0_gzk/getUpdates "HTTP/1.1 200 OK"
2025-08-05 15:00:19,190 - INFO - HTTP Request: POST https://api.telegram.org/bot8276493068:AAEXJXoOsG0jmXn6BIp5ikf-ZzW8nG0_gzk/getUpdates "HTTP/1.1 200 OK"
2025-08-05 15:00:19,190 - INFO - Application is stopping. This might take a moment.
2025-08-05 15:00:19,192 - INFO - Application.stop() complete
2025-08-05 15:01:14,618 - INFO - Starting Telegram Trading Bot...
2025-08-05 15:01:14,699 - INFO - Telegram bot is running...
2025-08-05 15:01:17,467 - INFO - HTTP Request: POST https://api.telegram.org/bot8276493068:AAEXJXoOsG0jmXn6BIp5ikf-ZzW8nG0_gzk/getMe "HTTP/1.1 200 OK"
2025-08-05 15:01:17,727 - INFO - HTTP Request: POST https://api.telegram.org/bot8276493068:AAEXJXoOsG0jmXn6BIp5ikf-ZzW8nG0_gzk/deleteWebhook "HTTP/1.1 200 OK"
2025-08-05 15:01:17,728 - INFO - Application started
2025-08-05 15:01:28,719 - INFO - HTTP Request: POST https://api.telegram.org/bot8276493068:AAEXJXoOsG0jmXn6BIp5ikf-ZzW8nG0_gzk/getUpdates "HTTP/1.1 200 OK"
2025-08-05 15:01:38,864 - INFO - HTTP Request: POST https://api.telegram.org/bot8276493068:AAEXJXoOsG0jmXn6BIp5ikf-ZzW8nG0_gzk/getUpdates "HTTP/1.1 200 OK"
2025-08-05 15:01:49,367 - INFO - HTTP Request: POST https://api.telegram.org/bot8276493068:AAEXJXoOsG0jmXn6BIp5ikf-ZzW8nG0_gzk/getUpdates "HTTP/1.1 200 OK"
2025-08-05 15:01:59,806 - INFO - HTTP Request: POST https://api.telegram.org/bot8276493068:AAEXJXoOsG0jmXn6BIp5ikf-ZzW8nG0_gzk/getUpdates "HTTP/1.1 200 OK"
2025-08-05 15:02:08,151 - INFO - HTTP Request: POST https://api.telegram.org/bot8276493068:AAEXJXoOsG0jmXn6BIp5ikf-ZzW8nG0_gzk/getUpdates "HTTP/1.1 200 OK"
2025-08-05 15:02:09,978 - INFO - HTTP Request: POST https://api.telegram.org/bot8276493068:AAEXJXoOsG0jmXn6BIp5ikf-ZzW8nG0_gzk/sendMessage "HTTP/1.1 200 OK"
2025-08-05 15:02:11,235 - INFO - HTTP Request: POST https://api.telegram.org/bot8276493068:AAEXJXoOsG0jmXn6BIp5ikf-ZzW8nG0_gzk/getUpdates "HTTP/1.1 200 OK"
2025-08-05 15:02:11,382 - INFO - HTTP Request: POST https://api.telegram.org/bot8276493068:AAEXJXoOsG0jmXn6BIp5ikf-ZzW8nG0_gzk/answerCallbackQuery "HTTP/1.1 200 OK"
2025-08-05 15:02:11,383 - INFO - Loading enhanced models...
2025-08-05 15:02:13,549 - INFO - ✅ Enhanced model loaded: EURUSD=X
2025-08-05 15:02:13,680 - INFO - ✅ Enhanced model loaded: GBPUSD=X
2025-08-05 15:02:13,807 - INFO - ✅ Enhanced model loaded: USDJPY=X
2025-08-05 15:02:13,807 - INFO - 📊 Enhanced models ready: 3
2025-08-05 15:02:13,807 - INFO - Loading enhanced models...
2025-08-05 15:02:13,913 - INFO - ✅ Enhanced model loaded: EURUSD=X
2025-08-05 15:02:14,021 - INFO - ✅ Enhanced model loaded: GBPUSD=X
2025-08-05 15:02:14,124 - INFO - ✅ Enhanced model loaded: USDJPY=X
2025-08-05 15:02:14,124 - INFO - 📊 Enhanced models ready: 3
2025-08-05 15:02:14,353 - INFO - HTTP Request: POST https://api.telegram.org/bot8276493068:AAEXJXoOsG0jmXn6BIp5ikf-ZzW8nG0_gzk/editMessageText "HTTP/1.1 200 OK"
2025-08-05 15:02:21,331 - INFO - HTTP Request: POST https://api.telegram.org/bot8276493068:AAEXJXoOsG0jmXn6BIp5ikf-ZzW8nG0_gzk/getUpdates "HTTP/1.1 200 OK"
2025-08-05 15:02:22,837 - INFO - HTTP Request: POST https://api.telegram.org/bot8276493068:AAEXJXoOsG0jmXn6BIp5ikf-ZzW8nG0_gzk/getUpdates "HTTP/1.1 200 OK"
2025-08-05 15:02:23,927 - INFO - HTTP Request: POST https://api.telegram.org/bot8276493068:AAEXJXoOsG0jmXn6BIp5ikf-ZzW8nG0_gzk/sendMessage "HTTP/1.1 200 OK"
2025-08-05 15:02:28,937 - INFO - HTTP Request: POST https://api.telegram.org/bot8276493068:AAEXJXoOsG0jmXn6BIp5ikf-ZzW8nG0_gzk/getUpdates "HTTP/1.1 200 OK"
2025-08-05 15:02:29,404 - INFO - HTTP Request: POST https://api.telegram.org/bot8276493068:AAEXJXoOsG0jmXn6BIp5ikf-ZzW8nG0_gzk/sendMessage "HTTP/1.1 200 OK"
2025-08-05 15:02:39,285 - INFO - HTTP Request: POST https://api.telegram.org/bot8276493068:AAEXJXoOsG0jmXn6BIp5ikf-ZzW8nG0_gzk/getUpdates "HTTP/1.1 200 OK"
2025-08-05 15:02:49,473 - INFO - HTTP Request: POST https://api.telegram.org/bot8276493068:AAEXJXoOsG0jmXn6BIp5ikf-ZzW8nG0_gzk/getUpdates "HTTP/1.1 200 OK"
2025-08-05 15:02:59,535 - INFO - HTTP Request: POST https://api.telegram.org/bot8276493068:AAEXJXoOsG0jmXn6BIp5ikf-ZzW8nG0_gzk/getUpdates "HTTP/1.1 200 OK"
2025-08-05 15:03:09,666 - INFO - HTTP Request: POST https://api.telegram.org/bot8276493068:AAEXJXoOsG0jmXn6BIp5ikf-ZzW8nG0_gzk/getUpdates "HTTP/1.1 200 OK"
2025-08-05 15:03:19,990 - INFO - HTTP Request: POST https://api.telegram.org/bot8276493068:AAEXJXoOsG0jmXn6BIp5ikf-ZzW8nG0_gzk/getUpdates "HTTP/1.1 200 OK"
2025-08-05 15:03:30,404 - INFO - HTTP Request: POST https://api.telegram.org/bot8276493068:AAEXJXoOsG0jmXn6BIp5ikf-ZzW8nG0_gzk/getUpdates "HTTP/1.1 200 OK"
2025-08-05 15:03:40,486 - INFO - HTTP Request: POST https://api.telegram.org/bot8276493068:AAEXJXoOsG0jmXn6BIp5ikf-ZzW8nG0_gzk/getUpdates "HTTP/1.1 200 OK"
2025-08-05 15:03:50,761 - INFO - HTTP Request: POST https://api.telegram.org/bot8276493068:AAEXJXoOsG0jmXn6BIp5ikf-ZzW8nG0_gzk/getUpdates "HTTP/1.1 200 OK"
2025-08-05 15:03:53,472 - INFO - HTTP Request: POST https://api.telegram.org/bot8276493068:AAEXJXoOsG0jmXn6BIp5ikf-ZzW8nG0_gzk/getUpdates "HTTP/1.1 200 OK"
2025-08-05 15:03:54,237 - INFO - HTTP Request: POST https://api.telegram.org/bot8276493068:AAEXJXoOsG0jmXn6BIp5ikf-ZzW8nG0_gzk/answerCallbackQuery "HTTP/1.1 200 OK"
2025-08-05 15:03:54,238 - ERROR - No error handlers are registered, logging exception.
Traceback (most recent call last):
  File "/home/timakha/main/t/forex_env/lib/python3.13/site-packages/telegram/ext/_application.py", line 1311, in process_update
    await coroutine
  File "/home/timakha/main/t/forex_env/lib/python3.13/site-packages/telegram/ext/_handlers/basehandler.py", line 158, in handle_update
    return await self.callback(update, context)
           ^^^^^^^^^^^^^^^^^^^^^^^^^^^^^^^^^^^^
  File "/home/timakha/main/t/eternity/telegram_trading_bot.py", line 396, in button_callback
    await self.config_command(update, context)
  File "/home/timakha/main/t/eternity/telegram_trading_bot.py", line 355, in config_command
    await update.message.reply_text(config_text, parse_mode='Markdown')
          ^^^^^^^^^^^^^^^^^^^^^^^^^
AttributeError: 'NoneType' object has no attribute 'reply_text'
2025-08-05 15:04:03,548 - INFO - HTTP Request: POST https://api.telegram.org/bot8276493068:AAEXJXoOsG0jmXn6BIp5ikf-ZzW8nG0_gzk/getUpdates "HTTP/1.1 200 OK"
2025-08-05 15:04:13,615 - INFO - HTTP Request: POST https://api.telegram.org/bot8276493068:AAEXJXoOsG0jmXn6BIp5ikf-ZzW8nG0_gzk/getUpdates "HTTP/1.1 200 OK"
2025-08-05 15:04:23,840 - INFO - HTTP Request: POST https://api.telegram.org/bot8276493068:AAEXJXoOsG0jmXn6BIp5ikf-ZzW8nG0_gzk/getUpdates "HTTP/1.1 200 OK"
2025-08-05 15:04:34,032 - INFO - HTTP Request: POST https://api.telegram.org/bot8276493068:AAEXJXoOsG0jmXn6BIp5ikf-ZzW8nG0_gzk/getUpdates "HTTP/1.1 200 OK"
2025-08-05 15:04:44,418 - INFO - HTTP Request: POST https://api.telegram.org/bot8276493068:AAEXJXoOsG0jmXn6BIp5ikf-ZzW8nG0_gzk/getUpdates "HTTP/1.1 200 OK"
2025-08-05 15:04:54,590 - INFO - HTTP Request: POST https://api.telegram.org/bot8276493068:AAEXJXoOsG0jmXn6BIp5ikf-ZzW8nG0_gzk/getUpdates "HTTP/1.1 200 OK"
2025-08-05 15:05:05,131 - INFO - HTTP Request: POST https://api.telegram.org/bot8276493068:AAEXJXoOsG0jmXn6BIp5ikf-ZzW8nG0_gzk/getUpdates "HTTP/1.1 200 OK"
2025-08-05 15:05:15,197 - INFO - HTTP Request: POST https://api.telegram.org/bot8276493068:AAEXJXoOsG0jmXn6BIp5ikf-ZzW8nG0_gzk/getUpdates "HTTP/1.1 200 OK"
2025-08-05 15:05:25,407 - INFO - HTTP Request: POST https://api.telegram.org/bot8276493068:AAEXJXoOsG0jmXn6BIp5ikf-ZzW8nG0_gzk/getUpdates "HTTP/1.1 200 OK"
2025-08-05 15:05:35,867 - INFO - HTTP Request: POST https://api.telegram.org/bot8276493068:AAEXJXoOsG0jmXn6BIp5ikf-ZzW8nG0_gzk/getUpdates "HTTP/1.1 200 OK"
2025-08-05 15:05:46,100 - INFO - HTTP Request: POST https://api.telegram.org/bot8276493068:AAEXJXoOsG0jmXn6BIp5ikf-ZzW8nG0_gzk/getUpdates "HTTP/1.1 200 OK"
2025-08-05 15:05:56,644 - INFO - HTTP Request: POST https://api.telegram.org/bot8276493068:AAEXJXoOsG0jmXn6BIp5ikf-ZzW8nG0_gzk/getUpdates "HTTP/1.1 200 OK"
2025-08-05 15:06:06,879 - INFO - HTTP Request: POST https://api.telegram.org/bot8276493068:AAEXJXoOsG0jmXn6BIp5ikf-ZzW8nG0_gzk/getUpdates "HTTP/1.1 200 OK"
2025-08-05 15:06:17,057 - INFO - HTTP Request: POST https://api.telegram.org/bot8276493068:AAEXJXoOsG0jmXn6BIp5ikf-ZzW8nG0_gzk/getUpdates "HTTP/1.1 200 OK"
2025-08-05 15:06:27,121 - INFO - HTTP Request: POST https://api.telegram.org/bot8276493068:AAEXJXoOsG0jmXn6BIp5ikf-ZzW8nG0_gzk/getUpdates "HTTP/1.1 200 OK"
2025-08-05 15:06:37,232 - INFO - HTTP Request: POST https://api.telegram.org/bot8276493068:AAEXJXoOsG0jmXn6BIp5ikf-ZzW8nG0_gzk/getUpdates "HTTP/1.1 200 OK"
2025-08-05 15:06:47,395 - INFO - HTTP Request: POST https://api.telegram.org/bot8276493068:AAEXJXoOsG0jmXn6BIp5ikf-ZzW8nG0_gzk/getUpdates "HTTP/1.1 200 OK"
2025-08-05 15:06:57,636 - INFO - HTTP Request: POST https://api.telegram.org/bot8276493068:AAEXJXoOsG0jmXn6BIp5ikf-ZzW8nG0_gzk/getUpdates "HTTP/1.1 200 OK"
2025-08-05 15:07:07,767 - INFO - HTTP Request: POST https://api.telegram.org/bot8276493068:AAEXJXoOsG0jmXn6BIp5ikf-ZzW8nG0_gzk/getUpdates "HTTP/1.1 200 OK"
2025-08-05 15:07:18,428 - INFO - HTTP Request: POST https://api.telegram.org/bot8276493068:AAEXJXoOsG0jmXn6BIp5ikf-ZzW8nG0_gzk/getUpdates "HTTP/1.1 200 OK"
2025-08-05 15:07:28,578 - INFO - HTTP Request: POST https://api.telegram.org/bot8276493068:AAEXJXoOsG0jmXn6BIp5ikf-ZzW8nG0_gzk/getUpdates "HTTP/1.1 200 OK"
2025-08-05 15:07:38,649 - INFO - HTTP Request: POST https://api.telegram.org/bot8276493068:AAEXJXoOsG0jmXn6BIp5ikf-ZzW8nG0_gzk/getUpdates "HTTP/1.1 200 OK"
2025-08-05 15:07:48,796 - INFO - HTTP Request: POST https://api.telegram.org/bot8276493068:AAEXJXoOsG0jmXn6BIp5ikf-ZzW8nG0_gzk/getUpdates "HTTP/1.1 200 OK"
2025-08-05 15:07:58,935 - INFO - HTTP Request: POST https://api.telegram.org/bot8276493068:AAEXJXoOsG0jmXn6BIp5ikf-ZzW8nG0_gzk/getUpdates "HTTP/1.1 200 OK"
2025-08-05 15:08:09,036 - INFO - HTTP Request: POST https://api.telegram.org/bot8276493068:AAEXJXoOsG0jmXn6BIp5ikf-ZzW8nG0_gzk/getUpdates "HTTP/1.1 200 OK"
2025-08-05 15:08:19,220 - INFO - HTTP Request: POST https://api.telegram.org/bot8276493068:AAEXJXoOsG0jmXn6BIp5ikf-ZzW8nG0_gzk/getUpdates "HTTP/1.1 200 OK"
2025-08-05 15:08:29,425 - INFO - HTTP Request: POST https://api.telegram.org/bot8276493068:AAEXJXoOsG0jmXn6BIp5ikf-ZzW8nG0_gzk/getUpdates "HTTP/1.1 200 OK"
2025-08-05 15:08:39,961 - INFO - HTTP Request: POST https://api.telegram.org/bot8276493068:AAEXJXoOsG0jmXn6BIp5ikf-ZzW8nG0_gzk/getUpdates "HTTP/1.1 200 OK"
2025-08-05 15:08:50,025 - INFO - HTTP Request: POST https://api.telegram.org/bot8276493068:AAEXJXoOsG0jmXn6BIp5ikf-ZzW8nG0_gzk/getUpdates "HTTP/1.1 200 OK"
2025-08-05 15:09:00,266 - INFO - HTTP Request: POST https://api.telegram.org/bot8276493068:AAEXJXoOsG0jmXn6BIp5ikf-ZzW8nG0_gzk/getUpdates "HTTP/1.1 200 OK"
2025-08-05 15:09:10,866 - INFO - HTTP Request: POST https://api.telegram.org/bot8276493068:AAEXJXoOsG0jmXn6BIp5ikf-ZzW8nG0_gzk/getUpdates "HTTP/1.1 200 OK"
2025-08-05 15:09:21,218 - INFO - HTTP Request: POST https://api.telegram.org/bot8276493068:AAEXJXoOsG0jmXn6BIp5ikf-ZzW8nG0_gzk/getUpdates "HTTP/1.1 200 OK"
2025-08-05 15:09:31,338 - INFO - HTTP Request: POST https://api.telegram.org/bot8276493068:AAEXJXoOsG0jmXn6BIp5ikf-ZzW8nG0_gzk/getUpdates "HTTP/1.1 200 OK"
2025-08-05 15:09:44,179 - INFO - HTTP Request: POST https://api.telegram.org/bot8276493068:AAEXJXoOsG0jmXn6BIp5ikf-ZzW8nG0_gzk/getUpdates "HTTP/1.1 200 OK"
2025-08-05 15:09:44,180 - INFO - Application is stopping. This might take a moment.
2025-08-05 15:09:44,180 - INFO - Application.stop() complete
2025-08-05 15:19:02,500 - INFO - Bot initialized. Authorized users: []
2025-08-05 15:19:02,549 - INFO - 🤖 Telegram bot started!
2025-08-05 15:19:02,549 - INFO - 💡 Send /start to begin
2025-08-05 15:19:03,749 - INFO - HTTP Request: POST https://api.telegram.org/botYOUR_BOT_TOKEN_HERE/getMe "HTTP/1.1 404 Not Found"
2025-08-05 15:19:03,750 - ERROR - Network Retry Loop (Bootstrap Initialize Application): Invalid token. Aborting retry loop.
Traceback (most recent call last):
  File "/home/timakha/main/t/forex_env/lib/python3.13/site-packages/telegram/_bot.py", line 845, in initialize
    await self.get_me()
  File "/home/timakha/main/t/forex_env/lib/python3.13/site-packages/telegram/ext/_extbot.py", line 1981, in get_me
    return await super().get_me(
           ^^^^^^^^^^^^^^^^^^^^^
    ...<5 lines>...
    )
    ^
  File "/home/timakha/main/t/forex_env/lib/python3.13/site-packages/telegram/_bot.py", line 976, in get_me
    result = await self._post(
             ^^^^^^^^^^^^^^^^^
    ...<6 lines>...
    )
    ^
  File "/home/timakha/main/t/forex_env/lib/python3.13/site-packages/telegram/_bot.py", line 698, in _post
    return await self._do_post(
           ^^^^^^^^^^^^^^^^^^^^
    ...<6 lines>...
    )
    ^
  File "/home/timakha/main/t/forex_env/lib/python3.13/site-packages/telegram/ext/_extbot.py", line 370, in _do_post
    return await super()._do_post(
           ^^^^^^^^^^^^^^^^^^^^^^^
    ...<6 lines>...
    )
    ^
  File "/home/timakha/main/t/forex_env/lib/python3.13/site-packages/telegram/_bot.py", line 727, in _do_post
    result = await request.post(
             ^^^^^^^^^^^^^^^^^^^
    ...<6 lines>...
    )
    ^
  File "/home/timakha/main/t/forex_env/lib/python3.13/site-packages/telegram/request/_baserequest.py", line 197, in post
    result = await self._request_wrapper(
             ^^^^^^^^^^^^^^^^^^^^^^^^^^^^
    ...<7 lines>...
    )
    ^
  File "/home/timakha/main/t/forex_env/lib/python3.13/site-packages/telegram/request/_baserequest.py", line 374, in _request_wrapper
    raise exception
telegram.error.InvalidToken: Not Found

The above exception was the direct cause of the following exception:

Traceback (most recent call last):
  File "/home/timakha/main/t/forex_env/lib/python3.13/site-packages/telegram/ext/_utils/networkloop.py", line 115, in network_retry_loop
    if not await do_action():
           ^^^^^^^^^^^^^^^^^
  File "/home/timakha/main/t/forex_env/lib/python3.13/site-packages/telegram/ext/_utils/networkloop.py", line 93, in do_action
    return await action_cb()
           ^^^^^^^^^^^^^^^^^
  File "/home/timakha/main/t/forex_env/lib/python3.13/site-packages/telegram/ext/_application.py", line 489, in initialize
    await self.bot.initialize()
  File "/home/timakha/main/t/forex_env/lib/python3.13/site-packages/telegram/ext/_extbot.py", line 316, in initialize
    await super().initialize()
  File "/home/timakha/main/t/forex_env/lib/python3.13/site-packages/telegram/_bot.py", line 847, in initialize
    raise InvalidToken(f"The token `{self._token}` was rejected by the server.") from exc
telegram.error.InvalidToken: The token `YOUR_BOT_TOKEN_HERE` was rejected by the server.
2025-08-05 15:19:03,754 - ERROR - Critical error in bot: The token `YOUR_BOT_TOKEN_HERE` was rejected by the server.
2025-08-05 15:19:52,713 - INFO - Bot initialized. Authorized users: [755020990]
2025-08-05 15:19:52,766 - INFO - 🤖 Telegram bot started!
2025-08-05 15:19:52,766 - INFO - 💡 Send /start to begin
2025-08-05 15:19:58,455 - INFO - HTTP Request: POST https://api.telegram.org/bot8276493068:AAEXJXoOsG0jmXn6BIp5ikf-ZzW8nG0_gzk/deleteWebhook "HTTP/1.1 200 OK"
2025-08-05 15:19:59,000 - INFO - HTTP Request: POST https://api.telegram.org/bot8276493068:AAEXJXoOsG0jmXn6BIp5ikf-ZzW8nG0_gzk/getUpdates "HTTP/1.1 200 OK"
2025-08-05 15:19:59,001 - ERROR - Critical error in bot: ExtBot is not properly initialized. Call `ExtBot.initialize` before accessing this property.
2025-08-05 15:22:48,949 - INFO - Bot initialized. Authorized users: [755020990]
2025-08-05 15:22:49,772 - INFO - HTTP Request: POST https://api.telegram.org/bot8276493068:AAEXJXoOsG0jmXn6BIp5ikf-ZzW8nG0_gzk/getMe "HTTP/1.1 200 OK"
2025-08-05 15:22:49,773 - INFO - Application started
2025-08-05 15:22:49,773 - INFO - 🤖 Telegram bot started!
2025-08-05 15:22:49,773 - INFO - 💡 Send /start to begin
2025-08-05 15:22:49,936 - INFO - HTTP Request: POST https://api.telegram.org/bot8276493068:AAEXJXoOsG0jmXn6BIp5ikf-ZzW8nG0_gzk/deleteWebhook "HTTP/1.1 200 OK"
2025-08-05 15:22:49,937 - ERROR - Critical error in bot: This Application is still running!
2025-08-05 15:23:33,240 - INFO - Bot initialized. Authorized users: [755020990]
2025-08-05 15:23:33,285 - INFO - 🤖 Telegram bot started!
2025-08-05 15:23:33,285 - INFO - 💡 Send /start to begin
2025-08-05 15:23:33,664 - INFO - HTTP Request: POST https://api.telegram.org/bot8276493068:AAEXJXoOsG0jmXn6BIp5ikf-ZzW8nG0_gzk/getMe "HTTP/1.1 200 OK"
2025-08-05 15:23:33,735 - INFO - HTTP Request: POST https://api.telegram.org/bot8276493068:AAEXJXoOsG0jmXn6BIp5ikf-ZzW8nG0_gzk/deleteWebhook "HTTP/1.1 200 OK"
2025-08-05 15:23:33,736 - INFO - Application started
2025-08-05 15:23:44,137 - INFO - HTTP Request: POST https://api.telegram.org/bot8276493068:AAEXJXoOsG0jmXn6BIp5ikf-ZzW8nG0_gzk/getUpdates "HTTP/1.1 200 OK"
2025-08-05 15:23:54,390 - INFO - HTTP Request: POST https://api.telegram.org/bot8276493068:AAEXJXoOsG0jmXn6BIp5ikf-ZzW8nG0_gzk/getUpdates "HTTP/1.1 200 OK"
2025-08-05 15:24:04,558 - INFO - HTTP Request: POST https://api.telegram.org/bot8276493068:AAEXJXoOsG0jmXn6BIp5ikf-ZzW8nG0_gzk/getUpdates "HTTP/1.1 200 OK"
2025-08-05 15:24:14,736 - INFO - HTTP Request: POST https://api.telegram.org/bot8276493068:AAEXJXoOsG0jmXn6BIp5ikf-ZzW8nG0_gzk/getUpdates "HTTP/1.1 200 OK"
2025-08-05 15:24:25,027 - INFO - HTTP Request: POST https://api.telegram.org/bot8276493068:AAEXJXoOsG0jmXn6BIp5ikf-ZzW8nG0_gzk/getUpdates "HTTP/1.1 200 OK"
2025-08-05 15:24:35,104 - INFO - HTTP Request: POST https://api.telegram.org/bot8276493068:AAEXJXoOsG0jmXn6BIp5ikf-ZzW8nG0_gzk/getUpdates "HTTP/1.1 200 OK"
2025-08-05 15:24:45,229 - INFO - HTTP Request: POST https://api.telegram.org/bot8276493068:AAEXJXoOsG0jmXn6BIp5ikf-ZzW8nG0_gzk/getUpdates "HTTP/1.1 200 OK"
2025-08-05 15:24:55,302 - INFO - HTTP Request: POST https://api.telegram.org/bot8276493068:AAEXJXoOsG0jmXn6BIp5ikf-ZzW8nG0_gzk/getUpdates "HTTP/1.1 200 OK"
2025-08-05 15:24:59,731 - INFO - HTTP Request: POST https://api.telegram.org/bot8276493068:AAEXJXoOsG0jmXn6BIp5ikf-ZzW8nG0_gzk/getUpdates "HTTP/1.1 200 OK"
2025-08-05 15:25:00,923 - INFO - HTTP Request: POST https://api.telegram.org/bot8276493068:AAEXJXoOsG0jmXn6BIp5ikf-ZzW8nG0_gzk/sendMessage "HTTP/1.1 200 OK"
2025-08-05 15:25:02,690 - INFO - HTTP Request: POST https://api.telegram.org/bot8276493068:AAEXJXoOsG0jmXn6BIp5ikf-ZzW8nG0_gzk/getUpdates "HTTP/1.1 200 OK"
2025-08-05 15:25:03,381 - INFO - HTTP Request: POST https://api.telegram.org/bot8276493068:AAEXJXoOsG0jmXn6BIp5ikf-ZzW8nG0_gzk/answerCallbackQuery "HTTP/1.1 200 OK"
2025-08-05 15:25:03,382 - ERROR - Error starting scanner: 'NoneType' object has no attribute 'reply_text'
2025-08-05 15:25:03,383 - ERROR - No error handlers are registered, logging exception.
Traceback (most recent call last):
  File "/home/timakha/main/t/eternity/telegram_trading_bot.py", line 174, in start_scanner_command
    await update.message.reply_text("🔄 Initializing signal scanner...")
          ^^^^^^^^^^^^^^^^^^^^^^^^^
AttributeError: 'NoneType' object has no attribute 'reply_text'

During handling of the above exception, another exception occurred:

Traceback (most recent call last):
  File "/home/timakha/main/t/forex_env/lib/python3.13/site-packages/telegram/ext/_application.py", line 1311, in process_update
    await coroutine
  File "/home/timakha/main/t/forex_env/lib/python3.13/site-packages/telegram/ext/_handlers/basehandler.py", line 158, in handle_update
    return await self.callback(update, context)
           ^^^^^^^^^^^^^^^^^^^^^^^^^^^^^^^^^^^^
  File "/home/timakha/main/t/eternity/telegram_trading_bot.py", line 295, in button_handler
    await self.start_scanner_command(update, context)
  File "/home/timakha/main/t/eternity/telegram_trading_bot.py", line 196, in start_scanner_command
    await update.message.reply_text(f"❌ Error: {str(e)}")
          ^^^^^^^^^^^^^^^^^^^^^^^^^
AttributeError: 'NoneType' object has no attribute 'reply_text'
2025-08-05 15:25:13,026 - INFO - HTTP Request: POST https://api.telegram.org/bot8276493068:AAEXJXoOsG0jmXn6BIp5ikf-ZzW8nG0_gzk/getUpdates "HTTP/1.1 200 OK"
2025-08-05 15:25:23,095 - INFO - HTTP Request: POST https://api.telegram.org/bot8276493068:AAEXJXoOsG0jmXn6BIp5ikf-ZzW8nG0_gzk/getUpdates "HTTP/1.1 200 OK"
2025-08-05 15:25:34,616 - INFO - HTTP Request: POST https://api.telegram.org/bot8276493068:AAEXJXoOsG0jmXn6BIp5ikf-ZzW8nG0_gzk/getUpdates "HTTP/1.1 200 OK"
2025-08-05 15:25:44,940 - INFO - HTTP Request: POST https://api.telegram.org/bot8276493068:AAEXJXoOsG0jmXn6BIp5ikf-ZzW8nG0_gzk/getUpdates "HTTP/1.1 200 OK"
2025-08-05 15:25:55,025 - INFO - HTTP Request: POST https://api.telegram.org/bot8276493068:AAEXJXoOsG0jmXn6BIp5ikf-ZzW8nG0_gzk/getUpdates "HTTP/1.1 200 OK"
2025-08-05 15:26:05,262 - INFO - HTTP Request: POST https://api.telegram.org/bot8276493068:AAEXJXoOsG0jmXn6BIp5ikf-ZzW8nG0_gzk/getUpdates "HTTP/1.1 200 OK"
2025-08-05 15:26:15,366 - INFO - HTTP Request: POST https://api.telegram.org/bot8276493068:AAEXJXoOsG0jmXn6BIp5ikf-ZzW8nG0_gzk/getUpdates "HTTP/1.1 200 OK"
2025-08-05 15:26:25,442 - INFO - HTTP Request: POST https://api.telegram.org/bot8276493068:AAEXJXoOsG0jmXn6BIp5ikf-ZzW8nG0_gzk/getUpdates "HTTP/1.1 200 OK"
2025-08-05 15:26:35,678 - INFO - HTTP Request: POST https://api.telegram.org/bot8276493068:AAEXJXoOsG0jmXn6BIp5ikf-ZzW8nG0_gzk/getUpdates "HTTP/1.1 200 OK"
2025-08-05 15:26:45,873 - INFO - HTTP Request: POST https://api.telegram.org/bot8276493068:AAEXJXoOsG0jmXn6BIp5ikf-ZzW8nG0_gzk/getUpdates "HTTP/1.1 200 OK"
2025-08-05 15:26:56,422 - INFO - HTTP Request: POST https://api.telegram.org/bot8276493068:AAEXJXoOsG0jmXn6BIp5ikf-ZzW8nG0_gzk/getUpdates "HTTP/1.1 200 OK"
2025-08-05 15:27:06,958 - INFO - HTTP Request: POST https://api.telegram.org/bot8276493068:AAEXJXoOsG0jmXn6BIp5ikf-ZzW8nG0_gzk/getUpdates "HTTP/1.1 200 OK"
2025-08-05 15:27:28,164 - INFO - Bot initialized. Authorized users: [755020990]
2025-08-05 15:27:28,213 - INFO - 🤖 Telegram bot started!
2025-08-05 15:27:28,213 - INFO - 💡 Send /start to begin
2025-08-05 15:27:28,940 - INFO - HTTP Request: POST https://api.telegram.org/bot8276493068:AAEXJXoOsG0jmXn6BIp5ikf-ZzW8nG0_gzk/getMe "HTTP/1.1 200 OK"
2025-08-05 15:27:29,174 - INFO - HTTP Request: POST https://api.telegram.org/bot8276493068:AAEXJXoOsG0jmXn6BIp5ikf-ZzW8nG0_gzk/deleteWebhook "HTTP/1.1 200 OK"
2025-08-05 15:27:29,175 - INFO - Application started
2025-08-05 15:27:33,376 - INFO - HTTP Request: POST https://api.telegram.org/bot8276493068:AAEXJXoOsG0jmXn6BIp5ikf-ZzW8nG0_gzk/getUpdates "HTTP/1.1 200 OK"
2025-08-05 15:27:33,525 - INFO - HTTP Request: POST https://api.telegram.org/bot8276493068:AAEXJXoOsG0jmXn6BIp5ikf-ZzW8nG0_gzk/answerCallbackQuery "HTTP/1.1 200 OK"
2025-08-05 15:27:33,685 - INFO - HTTP Request: POST https://api.telegram.org/bot8276493068:AAEXJXoOsG0jmXn6BIp5ikf-ZzW8nG0_gzk/editMessageText "HTTP/1.1 200 OK"
2025-08-05 15:27:33,688 - ERROR - Error starting scanner: TelegramSignalBot.__init__() got an unexpected keyword argument 'config_path'
2025-08-05 15:27:33,977 - INFO - HTTP Request: POST https://api.telegram.org/bot8276493068:AAEXJXoOsG0jmXn6BIp5ikf-ZzW8nG0_gzk/editMessageText "HTTP/1.1 400 Bad Request"
2025-08-05 15:27:33,978 - ERROR - Error sending response: Can't parse entities: can't find end of the entity starting at byte offset 82
2025-08-05 15:27:34,050 - INFO - HTTP Request: POST https://api.telegram.org/bot8276493068:AAEXJXoOsG0jmXn6BIp5ikf-ZzW8nG0_gzk/sendMessage "HTTP/1.1 400 Bad Request"
2025-08-05 15:27:34,051 - ERROR - Fallback send also failed: Can't parse entities: can't find end of the entity starting at byte offset 82
2025-08-05 15:27:43,523 - INFO - HTTP Request: POST https://api.telegram.org/bot8276493068:AAEXJXoOsG0jmXn6BIp5ikf-ZzW8nG0_gzk/getUpdates "HTTP/1.1 200 OK"
2025-08-05 15:27:53,598 - INFO - HTTP Request: POST https://api.telegram.org/bot8276493068:AAEXJXoOsG0jmXn6BIp5ikf-ZzW8nG0_gzk/getUpdates "HTTP/1.1 200 OK"
2025-08-05 15:28:03,688 - INFO - HTTP Request: POST https://api.telegram.org/bot8276493068:AAEXJXoOsG0jmXn6BIp5ikf-ZzW8nG0_gzk/getUpdates "HTTP/1.1 200 OK"
2025-08-05 15:28:14,026 - INFO - HTTP Request: POST https://api.telegram.org/bot8276493068:AAEXJXoOsG0jmXn6BIp5ikf-ZzW8nG0_gzk/getUpdates "HTTP/1.1 200 OK"
2025-08-05 15:28:24,251 - INFO - HTTP Request: POST https://api.telegram.org/bot8276493068:AAEXJXoOsG0jmXn6BIp5ikf-ZzW8nG0_gzk/getUpdates "HTTP/1.1 200 OK"
2025-08-05 15:28:34,823 - INFO - HTTP Request: POST https://api.telegram.org/bot8276493068:AAEXJXoOsG0jmXn6BIp5ikf-ZzW8nG0_gzk/getUpdates "HTTP/1.1 200 OK"
2025-08-05 15:28:45,885 - INFO - HTTP Request: POST https://api.telegram.org/bot8276493068:AAEXJXoOsG0jmXn6BIp5ikf-ZzW8nG0_gzk/getUpdates "HTTP/1.1 200 OK"
2025-08-05 15:28:57,023 - INFO - HTTP Request: POST https://api.telegram.org/bot8276493068:AAEXJXoOsG0jmXn6BIp5ikf-ZzW8nG0_gzk/getUpdates "HTTP/1.1 200 OK"
2025-08-05 15:29:07,290 - INFO - HTTP Request: POST https://api.telegram.org/bot8276493068:AAEXJXoOsG0jmXn6BIp5ikf-ZzW8nG0_gzk/getUpdates "HTTP/1.1 200 OK"
2025-08-05 15:30:01,309 - INFO - Bot initialized. Authorized users: [755020990]
2025-08-05 15:30:01,364 - INFO - 🤖 Telegram bot started!
2025-08-05 15:30:01,364 - INFO - 💡 Send /start to begin
2025-08-05 15:30:01,746 - INFO - HTTP Request: POST https://api.telegram.org/bot8276493068:AAEXJXoOsG0jmXn6BIp5ikf-ZzW8nG0_gzk/getMe "HTTP/1.1 200 OK"
2025-08-05 15:30:01,816 - INFO - HTTP Request: POST https://api.telegram.org/bot8276493068:AAEXJXoOsG0jmXn6BIp5ikf-ZzW8nG0_gzk/deleteWebhook "HTTP/1.1 200 OK"
2025-08-05 15:30:01,817 - INFO - Application started
2025-08-05 15:30:12,224 - INFO - HTTP Request: POST https://api.telegram.org/bot8276493068:AAEXJXoOsG0jmXn6BIp5ikf-ZzW8nG0_gzk/getUpdates "HTTP/1.1 200 OK"
2025-08-05 15:30:22,456 - INFO - HTTP Request: POST https://api.telegram.org/bot8276493068:AAEXJXoOsG0jmXn6BIp5ikf-ZzW8nG0_gzk/getUpdates "HTTP/1.1 200 OK"
2025-08-05 15:30:32,669 - INFO - HTTP Request: POST https://api.telegram.org/bot8276493068:AAEXJXoOsG0jmXn6BIp5ikf-ZzW8nG0_gzk/getUpdates "HTTP/1.1 200 OK"
2025-08-05 15:30:42,922 - INFO - HTTP Request: POST https://api.telegram.org/bot8276493068:AAEXJXoOsG0jmXn6BIp5ikf-ZzW8nG0_gzk/getUpdates "HTTP/1.1 200 OK"
2025-08-05 15:30:53,186 - INFO - HTTP Request: POST https://api.telegram.org/bot8276493068:AAEXJXoOsG0jmXn6BIp5ikf-ZzW8nG0_gzk/getUpdates "HTTP/1.1 200 OK"
2025-08-05 15:31:03,326 - INFO - HTTP Request: POST https://api.telegram.org/bot8276493068:AAEXJXoOsG0jmXn6BIp5ikf-ZzW8nG0_gzk/getUpdates "HTTP/1.1 200 OK"
2025-08-05 15:31:07,920 - INFO - HTTP Request: POST https://api.telegram.org/bot8276493068:AAEXJXoOsG0jmXn6BIp5ikf-ZzW8nG0_gzk/getUpdates "HTTP/1.1 200 OK"
2025-08-05 15:31:08,552 - INFO - HTTP Request: POST https://api.telegram.org/bot8276493068:AAEXJXoOsG0jmXn6BIp5ikf-ZzW8nG0_gzk/sendMessage "HTTP/1.1 200 OK"
2025-08-05 15:31:10,649 - INFO - HTTP Request: POST https://api.telegram.org/bot8276493068:AAEXJXoOsG0jmXn6BIp5ikf-ZzW8nG0_gzk/getUpdates "HTTP/1.1 200 OK"
2025-08-05 15:31:10,738 - INFO - HTTP Request: POST https://api.telegram.org/bot8276493068:AAEXJXoOsG0jmXn6BIp5ikf-ZzW8nG0_gzk/answerCallbackQuery "HTTP/1.1 200 OK"
2025-08-05 15:31:10,943 - INFO - HTTP Request: POST https://api.telegram.org/bot8276493068:AAEXJXoOsG0jmXn6BIp5ikf-ZzW8nG0_gzk/editMessageText "HTTP/1.1 200 OK"
2025-08-05 15:31:10,944 - INFO - Loading enhanced models...
2025-08-05 15:31:13,630 - INFO - ✅ Enhanced model loaded: EURUSD=X
2025-08-05 15:31:13,776 - INFO - ✅ Enhanced model loaded: GBPUSD=X
2025-08-05 15:31:13,918 - INFO - ✅ Enhanced model loaded: USDJPY=X
2025-08-05 15:31:13,918 - INFO - 📊 Enhanced models ready: 3
2025-08-05 15:31:15,304 - INFO - HTTP Request: POST https://api.telegram.org/bot8276493068:AAEXJXoOsG0jmXn6BIp5ikf-ZzW8nG0_gzk/editMessageText "HTTP/1.1 200 OK"
2025-08-05 16:01:01,260 - INFO - Bot initialized. Authorized users: [755020990]
2025-08-05 16:01:01,305 - INFO - 🤖 Telegram bot started!
2025-08-05 16:01:01,305 - INFO - 💡 Send /start to begin
2025-08-05 16:01:02,082 - INFO - HTTP Request: POST https://api.telegram.org/bot8276493068:AAEXJXoOsG0jmXn6BIp5ikf-ZzW8nG0_gzk/getMe "HTTP/1.1 200 OK"
2025-08-05 16:01:02,837 - INFO - HTTP Request: POST https://api.telegram.org/bot8276493068:AAEXJXoOsG0jmXn6BIp5ikf-ZzW8nG0_gzk/deleteWebhook "HTTP/1.1 200 OK"
2025-08-05 16:01:02,838 - INFO - Application started
2025-08-05 16:01:14,743 - INFO - HTTP Request: POST https://api.telegram.org/bot8276493068:AAEXJXoOsG0jmXn6BIp5ikf-ZzW8nG0_gzk/getUpdates "HTTP/1.1 200 OK"
2025-08-05 16:01:24,939 - INFO - HTTP Request: POST https://api.telegram.org/bot8276493068:AAEXJXoOsG0jmXn6BIp5ikf-ZzW8nG0_gzk/getUpdates "HTTP/1.1 200 OK"
2025-08-05 16:01:32,087 - INFO - HTTP Request: POST https://api.telegram.org/bot8276493068:AAEXJXoOsG0jmXn6BIp5ikf-ZzW8nG0_gzk/getUpdates "HTTP/1.1 200 OK"
2025-08-05 16:01:32,982 - INFO - HTTP Request: POST https://api.telegram.org/bot8276493068:AAEXJXoOsG0jmXn6BIp5ikf-ZzW8nG0_gzk/sendMessage "HTTP/1.1 200 OK"
2025-08-05 16:01:35,667 - INFO - HTTP Request: POST https://api.telegram.org/bot8276493068:AAEXJXoOsG0jmXn6BIp5ikf-ZzW8nG0_gzk/getUpdates "HTTP/1.1 200 OK"
2025-08-05 16:01:35,836 - INFO - HTTP Request: POST https://api.telegram.org/bot8276493068:AAEXJXoOsG0jmXn6BIp5ikf-ZzW8nG0_gzk/answerCallbackQuery "HTTP/1.1 200 OK"
2025-08-05 16:01:35,987 - INFO - HTTP Request: POST https://api.telegram.org/bot8276493068:AAEXJXoOsG0jmXn6BIp5ikf-ZzW8nG0_gzk/editMessageText "HTTP/1.1 200 OK"
2025-08-05 16:01:39,882 - INFO - HTTP Request: POST https://api.telegram.org/bot8276493068:AAEXJXoOsG0jmXn6BIp5ikf-ZzW8nG0_gzk/getUpdates "HTTP/1.1 200 OK"
2025-08-05 16:01:40,214 - INFO - HTTP Request: POST https://api.telegram.org/bot8276493068:AAEXJXoOsG0jmXn6BIp5ikf-ZzW8nG0_gzk/sendMessage "HTTP/1.1 200 OK"
2025-08-05 16:01:41,837 - INFO - HTTP Request: POST https://api.telegram.org/bot8276493068:AAEXJXoOsG0jmXn6BIp5ikf-ZzW8nG0_gzk/getUpdates "HTTP/1.1 200 OK"
2025-08-05 16:01:41,986 - INFO - HTTP Request: POST https://api.telegram.org/bot8276493068:AAEXJXoOsG0jmXn6BIp5ikf-ZzW8nG0_gzk/answerCallbackQuery "HTTP/1.1 200 OK"
2025-08-05 16:01:42,383 - INFO - HTTP Request: POST https://api.telegram.org/bot8276493068:AAEXJXoOsG0jmXn6BIp5ikf-ZzW8nG0_gzk/editMessageText "HTTP/1.1 200 OK"
2025-08-05 16:01:42,383 - INFO - Loading enhanced models...
2025-08-05 16:01:44,437 - INFO - ✅ Enhanced model loaded: EURUSD=X
2025-08-05 16:01:44,563 - INFO - ✅ Enhanced model loaded: GBPUSD=X
2025-08-05 16:01:44,679 - INFO - ✅ Enhanced model loaded: USDJPY=X
2025-08-05 16:01:44,679 - INFO - 📊 Enhanced models ready: 3
2025-08-05 16:01:45,333 - INFO - HTTP Request: POST https://api.telegram.org/bot8276493068:AAEXJXoOsG0jmXn6BIp5ikf-ZzW8nG0_gzk/getUpdates "HTTP/1.1 200 OK"
2025-08-05 16:01:45,982 - INFO - HTTP Request: POST https://api.telegram.org/bot8276493068:AAEXJXoOsG0jmXn6BIp5ikf-ZzW8nG0_gzk/editMessageText "HTTP/1.1 200 OK"
2025-08-05 16:02:30,913 - INFO - Loading enhanced models...
2025-08-05 16:02:32,797 - INFO - ✅ Enhanced model loaded: EURUSD=X
2025-08-05 16:02:32,906 - INFO - ✅ Enhanced model loaded: GBPUSD=X
2025-08-05 16:02:33,016 - INFO - ✅ Enhanced model loaded: USDJPY=X
2025-08-05 16:02:33,016 - INFO - 📊 Enhanced models ready: 3
2025-08-05 16:02:33,016 - INFO - 🚀 Starting live trading loop...
2025-08-05 16:02:40,078 - INFO - 🔵 OPENED SHORT EURUSD=X
2025-08-05 16:02:40,078 - INFO -    Entry: 1.15479
2025-08-05 16:02:40,078 - INFO -    TP: 1.15079 | SL: 1.15679
2025-08-05 16:02:40,079 - INFO -    Risk: $200.00
2025-08-05 16:02:40,079 - INFO -    Signal: 0.073 | Confidence: 0.640
2025-08-05 16:02:40,983 - INFO - 🔵 OPENED LONG GBPUSD=X
2025-08-05 16:02:40,984 - INFO -    Entry: 1.32845
2025-08-05 16:02:40,984 - INFO -    TP: 1.33245 | SL: 1.32645
2025-08-05 16:02:40,984 - INFO -    Risk: $200.00
2025-08-05 16:02:40,984 - INFO -    Signal: 0.105 | Confidence: 0.676
2025-08-05 16:02:41,669 - INFO - 🔵 OPENED LONG USDJPY=X
2025-08-05 16:02:41,670 - INFO -    Entry: 147.61649
2025-08-05 16:02:41,670 - INFO -    TP: 148.01649 | SL: 147.41649
2025-08-05 16:02:41,670 - INFO -    Risk: $200.00
2025-08-05 16:02:41,670 - INFO -    Signal: 0.091 | Confidence: 0.688
2025-08-05 16:03:41,886 - WARNING - Insufficient data for EURUSD=X
2025-08-05 16:03:42,025 - WARNING - Insufficient data for GBPUSD=X
2025-08-05 16:03:42,192 - WARNING - Insufficient data for USDJPY=X
2025-08-05 16:03:42,823 - INFO - Daily risk limit reached
2025-08-05 16:03:43,672 - INFO - Daily risk limit reached
2025-08-05 16:03:43,882 - INFO - Daily risk limit reached
2025-08-05 16:04:44,117 - WARNING - Insufficient data for EURUSD=X
2025-08-05 16:04:44,376 - WARNING - Insufficient data for GBPUSD=X
2025-08-05 16:04:44,523 - WARNING - Insufficient data for USDJPY=X
2025-08-05 16:04:44,786 - INFO - Daily risk limit reached
2025-08-05 16:04:45,179 - INFO - Daily risk limit reached
2025-08-05 16:04:45,485 - INFO - Daily risk limit reached
2025-08-05 16:05:47,124 - WARNING - Insufficient data for EURUSD=X
2025-08-05 16:05:48,355 - WARNING - Insufficient data for GBPUSD=X
2025-08-05 16:05:48,662 - WARNING - Insufficient data for USDJPY=X
2025-08-05 16:05:49,029 - INFO - Daily risk limit reached
2025-08-05 16:05:49,354 - INFO - Daily risk limit reached
2025-08-05 16:05:49,625 - INFO - Daily risk limit reached
2025-08-05 16:06:51,880 - WARNING - Insufficient data for EURUSD=X
2025-08-05 16:06:54,478 - WARNING - Insufficient data for GBPUSD=X
2025-08-05 16:06:56,746 - WARNING - Insufficient data for USDJPY=X
2025-08-05 16:06:56,949 - INFO - Daily risk limit reached
2025-08-05 16:06:57,403 - INFO - Daily risk limit reached
2025-08-05 16:06:57,689 - INFO - Daily risk limit reached
2025-08-05 16:07:59,088 - WARNING - Insufficient data for EURUSD=X
2025-08-05 16:07:59,387 - WARNING - Insufficient data for GBPUSD=X
2025-08-05 16:07:59,674 - WARNING - Insufficient data for USDJPY=X
2025-08-05 16:07:59,924 - INFO - Daily risk limit reached
2025-08-05 16:08:00,181 - INFO - Daily risk limit reached
2025-08-05 16:08:00,778 - INFO - Daily risk limit reached
2025-08-05 16:09:00,978 - WARNING - Insufficient data for EURUSD=X
2025-08-05 16:09:01,126 - WARNING - Insufficient data for GBPUSD=X
2025-08-05 16:09:01,275 - WARNING - Insufficient data for USDJPY=X
2025-08-05 16:09:01,482 - INFO - Daily risk limit reached
2025-08-05 16:09:01,778 - INFO - Daily risk limit reached
2025-08-05 16:09:02,177 - INFO - Daily risk limit reached
2025-08-05 16:10:03,176 - WARNING - Insufficient data for EURUSD=X
2025-08-05 16:10:03,938 - WARNING - Insufficient data for GBPUSD=X
2025-08-05 16:10:04,386 - WARNING - Insufficient data for USDJPY=X
2025-08-05 16:10:04,895 - INFO - Daily risk limit reached
2025-08-05 16:10:05,634 - INFO - Daily risk limit reached
2025-08-05 16:10:05,943 - INFO - Daily risk limit reached
2025-08-05 16:11:06,134 - WARNING - Insufficient data for EURUSD=X
2025-08-05 16:11:06,431 - WARNING - Insufficient data for GBPUSD=X
2025-08-05 16:11:06,585 - WARNING - Insufficient data for USDJPY=X
2025-08-05 16:11:06,814 - INFO - Daily risk limit reached
2025-08-05 16:11:07,091 - INFO - Daily risk limit reached
2025-08-05 16:11:07,389 - INFO - Daily risk limit reached
2025-08-05 16:12:07,769 - WARNING - Insufficient data for EURUSD=X
2025-08-05 16:12:08,364 - WARNING - Insufficient data for GBPUSD=X
2025-08-05 16:12:08,804 - WARNING - Insufficient data for USDJPY=X
2025-08-05 16:12:09,011 - INFO - Daily risk limit reached
2025-08-05 16:12:09,301 - INFO - Daily risk limit reached
2025-08-05 16:12:09,884 - INFO - Daily risk limit reached
2025-08-05 16:13:11,738 - WARNING - Insufficient data for EURUSD=X
2025-08-05 16:13:12,186 - WARNING - Insufficient data for GBPUSD=X
2025-08-05 16:13:12,340 - WARNING - Insufficient data for USDJPY=X
2025-08-05 16:13:12,562 - INFO - Daily risk limit reached
2025-08-05 16:13:12,840 - INFO - Daily risk limit reached
2025-08-05 16:13:13,950 - INFO - Daily risk limit reached
2025-08-05 16:14:14,230 - WARNING - Insufficient data for EURUSD=X
2025-08-05 16:14:14,586 - WARNING - Insufficient data for GBPUSD=X
2025-08-05 16:14:14,827 - WARNING - Insufficient data for USDJPY=X
2025-08-05 16:14:15,216 - INFO - Daily risk limit reached
2025-08-05 16:14:15,496 - INFO - Daily risk limit reached
2025-08-05 16:14:15,818 - INFO - Daily risk limit reached
2025-08-05 16:15:15,955 - WARNING - Insufficient data for EURUSD=X
2025-08-05 16:15:16,146 - WARNING - Insufficient data for GBPUSD=X
2025-08-05 16:15:16,540 - WARNING - Insufficient data for USDJPY=X
2025-08-05 16:15:16,736 - INFO - Daily risk limit reached
2025-08-05 16:15:16,903 - INFO - Daily risk limit reached
2025-08-05 16:15:17,114 - INFO - Daily risk limit reached
2025-08-05 16:16:17,230 - WARNING - Insufficient data for EURUSD=X
2025-08-05 16:16:17,349 - WARNING - Insufficient data for GBPUSD=X
2025-08-05 16:16:17,506 - WARNING - Insufficient data for USDJPY=X
2025-08-05 16:16:17,682 - INFO - Daily risk limit reached
2025-08-05 16:16:17,880 - INFO - Daily risk limit reached
2025-08-05 16:16:18,063 - INFO - Daily risk limit reached
2025-08-05 16:17:18,556 - WARNING - Insufficient data for EURUSD=X
2025-08-05 16:17:19,702 - WARNING - Insufficient data for GBPUSD=X
2025-08-05 16:17:19,993 - WARNING - Insufficient data for USDJPY=X
2025-08-05 16:17:20,332 - INFO - Daily risk limit reached
2025-08-05 16:17:20,567 - INFO - Daily risk limit reached
2025-08-05 16:17:20,773 - INFO - Daily risk limit reached
2025-08-05 16:18:21,372 - WARNING - Insufficient data for EURUSD=X
2025-08-05 16:18:21,716 - WARNING - Insufficient data for GBPUSD=X
2025-08-05 16:18:21,933 - WARNING - Insufficient data for USDJPY=X
2025-08-05 16:18:22,324 - INFO - Daily risk limit reached
2025-08-05 16:18:22,683 - INFO - Daily risk limit reached
2025-08-05 16:18:23,140 - INFO - Daily risk limit reached
2025-08-05 16:19:23,794 - WARNING - Insufficient data for EURUSD=X
2025-08-05 16:19:24,083 - WARNING - Insufficient data for GBPUSD=X
2025-08-05 16:19:24,247 - WARNING - Insufficient data for USDJPY=X
2025-08-05 16:19:24,736 - INFO - Daily risk limit reached
2025-08-05 16:19:26,229 - INFO - Daily risk limit reached
2025-08-05 16:19:26,533 - INFO - Daily risk limit reached
2025-08-05 16:20:26,886 - WARNING - Insufficient data for EURUSD=X
2025-08-05 16:20:27,049 - WARNING - Insufficient data for GBPUSD=X
2025-08-05 16:20:27,822 - WARNING - Insufficient data for USDJPY=X
2025-08-05 16:20:28,786 - INFO - Daily risk limit reached
2025-08-05 16:20:29,093 - INFO - Daily risk limit reached
2025-08-05 16:20:29,563 - INFO - Daily risk limit reached
2025-08-05 16:21:29,724 - WARNING - Insufficient data for EURUSD=X
2025-08-05 16:21:29,874 - WARNING - Insufficient data for GBPUSD=X
2025-08-05 16:21:30,015 - WARNING - Insufficient data for USDJPY=X
2025-08-05 16:21:30,187 - INFO - Daily risk limit reached
2025-08-05 16:21:30,372 - INFO - Daily risk limit reached
2025-08-05 16:21:30,539 - INFO - Daily risk limit reached
2025-08-05 16:22:30,761 - WARNING - Insufficient data for EURUSD=X
2025-08-05 16:22:30,883 - WARNING - Insufficient data for GBPUSD=X
2025-08-05 16:22:30,996 - WARNING - Insufficient data for USDJPY=X
2025-08-05 16:22:31,173 - INFO - Daily risk limit reached
2025-08-05 16:22:31,365 - INFO - Daily risk limit reached
2025-08-05 16:22:31,537 - INFO - Daily risk limit reached
2025-08-05 16:23:31,782 - WARNING - Insufficient data for EURUSD=X
2025-08-05 16:23:31,938 - WARNING - Insufficient data for GBPUSD=X
2025-08-05 16:23:32,084 - WARNING - Insufficient data for USDJPY=X
2025-08-05 16:23:32,300 - INFO - Daily risk limit reached
2025-08-05 16:23:32,582 - INFO - Daily risk limit reached
2025-08-05 16:23:33,036 - INFO - Daily risk limit reached
2025-08-05 16:24:33,230 - WARNING - Insufficient data for EURUSD=X
2025-08-05 16:24:33,378 - WARNING - Insufficient data for GBPUSD=X
2025-08-05 16:24:33,548 - WARNING - Insufficient data for USDJPY=X
2025-08-05 16:24:34,174 - INFO - Daily risk limit reached
2025-08-05 16:24:34,626 - INFO - Daily risk limit reached
2025-08-05 16:24:35,139 - INFO - Daily risk limit reached
2025-08-05 16:25:35,919 - WARNING - Insufficient data for EURUSD=X
2025-08-05 16:25:36,191 - WARNING - Insufficient data for GBPUSD=X
2025-08-05 16:25:36,482 - WARNING - Insufficient data for USDJPY=X
2025-08-05 16:25:36,716 - INFO - Daily risk limit reached
2025-08-05 16:25:37,139 - INFO - Daily risk limit reached
2025-08-05 16:25:37,486 - INFO - Daily risk limit reached
2025-08-05 16:26:37,629 - WARNING - Insufficient data for EURUSD=X
2025-08-05 16:26:37,753 - WARNING - Insufficient data for GBPUSD=X
2025-08-05 16:26:37,879 - WARNING - Insufficient data for USDJPY=X
2025-08-05 16:26:38,084 - INFO - Daily risk limit reached
2025-08-05 16:26:38,305 - INFO - Daily risk limit reached
2025-08-05 16:26:38,626 - INFO - Daily risk limit reached
2025-08-05 16:27:40,537 - WARNING - Insufficient data for EURUSD=X
2025-08-05 16:27:43,355 - WARNING - Insufficient data for GBPUSD=X
2025-08-05 16:27:43,626 - WARNING - Insufficient data for USDJPY=X
2025-08-05 16:27:44,237 - INFO - Daily risk limit reached
2025-08-05 16:27:44,576 - INFO - Daily risk limit reached
2025-08-05 16:27:44,904 - INFO - Daily risk limit reached
2025-08-05 16:28:45,284 - WARNING - Insufficient data for EURUSD=X
2025-08-05 16:28:45,479 - WARNING - Insufficient data for GBPUSD=X
2025-08-05 16:28:45,795 - WARNING - Insufficient data for USDJPY=X
2025-08-05 16:28:46,144 - INFO - Daily risk limit reached
2025-08-05 16:28:46,619 - INFO - Daily risk limit reached
2025-08-05 16:28:46,893 - INFO - Daily risk limit reached
2025-08-05 16:29:47,313 - WARNING - Insufficient data for EURUSD=X
2025-08-05 16:29:47,527 - WARNING - Insufficient data for GBPUSD=X
2025-08-05 16:29:47,678 - WARNING - Insufficient data for USDJPY=X
2025-08-05 16:29:47,879 - INFO - Daily risk limit reached
2025-08-05 16:29:48,342 - INFO - Daily risk limit reached
2025-08-05 16:29:48,627 - INFO - Daily risk limit reached
2025-08-05 16:30:49,289 - WARNING - Insufficient data for EURUSD=X
2025-08-05 16:30:49,963 - WARNING - Insufficient data for GBPUSD=X
2025-08-05 16:30:50,336 - WARNING - Insufficient data for USDJPY=X
2025-08-05 16:30:50,870 - INFO - Daily risk limit reached
2025-08-05 16:30:51,134 - INFO - Daily risk limit reached
2025-08-05 16:30:51,374 - INFO - Daily risk limit reached
2025-08-05 16:31:51,643 - WARNING - Insufficient data for EURUSD=X
2025-08-05 16:31:51,937 - WARNING - Insufficient data for GBPUSD=X
2025-08-05 16:31:52,089 - WARNING - Insufficient data for USDJPY=X
2025-08-05 16:31:52,290 - INFO - Daily risk limit reached
2025-08-05 16:31:53,043 - INFO - Daily risk limit reached
2025-08-05 16:31:53,487 - INFO - Daily risk limit reached
2025-08-05 16:32:53,678 - WARNING - Insufficient data for EURUSD=X
2025-08-05 16:32:53,837 - WARNING - Insufficient data for GBPUSD=X
2025-08-05 16:32:54,121 - WARNING - Insufficient data for USDJPY=X
2025-08-05 16:32:54,641 - INFO - Daily risk limit reached
2025-08-05 16:32:55,375 - INFO - Daily risk limit reached
2025-08-05 16:32:55,683 - INFO - Daily risk limit reached
2025-08-05 16:33:55,816 - WARNING - Insufficient data for EURUSD=X
2025-08-05 16:33:55,958 - WARNING - Insufficient data for GBPUSD=X
2025-08-05 16:33:56,079 - WARNING - Insufficient data for USDJPY=X
2025-08-05 16:33:56,267 - INFO - Daily risk limit reached
2025-08-05 16:33:56,445 - INFO - Daily risk limit reached
2025-08-05 16:33:56,666 - INFO - Daily risk limit reached
2025-08-05 16:34:56,788 - WARNING - Insufficient data for EURUSD=X
2025-08-05 16:34:56,934 - WARNING - Insufficient data for GBPUSD=X
2025-08-05 16:34:57,052 - WARNING - Insufficient data for USDJPY=X
2025-08-05 16:34:57,247 - INFO - Daily risk limit reached
2025-08-05 16:34:57,502 - INFO - Daily risk limit reached
2025-08-05 16:34:57,768 - INFO - Daily risk limit reached
2025-08-05 16:35:57,920 - WARNING - Insufficient data for EURUSD=X
2025-08-05 16:35:58,077 - WARNING - Insufficient data for GBPUSD=X
2025-08-05 16:35:58,381 - WARNING - Insufficient data for USDJPY=X
2025-08-05 16:35:58,729 - INFO - Daily risk limit reached
2025-08-05 16:35:59,036 - INFO - Daily risk limit reached
2025-08-05 16:35:59,326 - INFO - Daily risk limit reached
2025-08-05 16:37:01,342 - WARNING - Insufficient data for EURUSD=X
2025-08-05 16:37:02,687 - WARNING - Insufficient data for GBPUSD=X
2025-08-05 16:37:03,407 - WARNING - Insufficient data for USDJPY=X
2025-08-05 16:37:03,746 - INFO - Daily risk limit reached
2025-08-05 16:37:03,937 - INFO - Daily risk limit reached
2025-08-05 16:37:04,122 - INFO - Daily risk limit reached
2025-08-05 16:37:46,332 - ERROR - $EURUSD=X: possibly delisted; no price data found  (period=1d)
2025-08-05 16:37:46,332 - WARNING - Insufficient data for EURUSD=X
2025-08-05 16:37:46,845 - WARNING - Insufficient data for GBPUSD=X
2025-08-05 16:37:47,080 - WARNING - Insufficient data for USDJPY=X
2025-08-05 16:37:47,081 - INFO - Trading system stopped
2025-08-05 16:45:19,436 - INFO - Loading enhanced models...
2025-08-05 16:45:21,252 - INFO - ✅ Enhanced model loaded: EURUSD=X
2025-08-05 16:45:21,363 - INFO - ✅ Enhanced model loaded: GBPUSD=X
2025-08-05 16:45:21,472 - INFO - ✅ Enhanced model loaded: USDJPY=X
2025-08-05 16:45:21,472 - INFO - 📊 Enhanced models ready: 3
2025-08-05 16:45:21,472 - INFO - 🚀 Starting live trading loop...
2025-08-05 16:45:22,834 - INFO - 🔵 OPENED SHORT EURUSD=X
2025-08-05 16:45:22,835 - INFO -    Entry: 1.15613
2025-08-05 16:45:22,853 - INFO -    TP: 1.15213 | SL: 1.15813
2025-08-05 16:45:22,853 - INFO -    Risk: $200.00
2025-08-05 16:45:22,853 - INFO -    Signal: 0.073 | Confidence: 0.640
2025-08-05 16:45:23,544 - INFO - 🔵 OPENED LONG GBPUSD=X
2025-08-05 16:45:23,544 - INFO -    Entry: 1.32847
2025-08-05 16:45:23,544 - INFO -    TP: 1.33247 | SL: 1.32647
2025-08-05 16:45:23,544 - INFO -    Risk: $200.00
2025-08-05 16:45:23,544 - INFO -    Signal: 0.105 | Confidence: 0.676
2025-08-05 16:45:24,253 - INFO - 🔵 OPENED LONG USDJPY=X
2025-08-05 16:45:24,253 - INFO -    Entry: 147.39249
2025-08-05 16:45:24,253 - INFO -    TP: 147.79249 | SL: 147.19249
2025-08-05 16:45:24,253 - INFO -    Risk: $200.00
2025-08-05 16:45:24,253 - INFO -    Signal: 0.091 | Confidence: 0.688
2025-08-05 16:45:48,861 - WARNING - Insufficient data for EURUSD=X
2025-08-05 16:45:48,998 - WARNING - Insufficient data for GBPUSD=X
2025-08-05 16:45:49,332 - WARNING - Insufficient data for USDJPY=X
2025-08-05 16:45:49,332 - INFO - Trading system stopped
2025-08-05 17:25:25,290 - INFO - Loading enhanced models...
2025-08-05 17:25:27,250 - INFO - ✅ Enhanced model loaded: EURUSD=X
2025-08-05 17:25:27,371 - INFO - ✅ Enhanced model loaded: GBPUSD=X
2025-08-05 17:25:27,490 - INFO - ✅ Enhanced model loaded: USDJPY=X
2025-08-05 17:25:27,491 - INFO - 📊 Enhanced models ready: 3
2025-08-05 17:25:27,491 - INFO - 🚀 Starting live trading loop...
2025-08-05 17:25:29,136 - INFO - 🔵 OPENED SHORT EURUSD=X
2025-08-05 17:25:29,136 - INFO -    Entry: 1.15814
2025-08-05 17:25:29,136 - INFO -    TP: 1.15414 | SL: 1.16014
2025-08-05 17:25:29,136 - INFO -    Risk: $200.00
2025-08-05 17:25:29,136 - INFO -    Signal: 0.072 | Confidence: 0.640
2025-08-05 17:25:29,827 - INFO - 🔵 OPENED LONG GBPUSD=X
2025-08-05 17:25:29,828 - INFO -    Entry: 1.32993
2025-08-05 17:25:29,828 - INFO -    TP: 1.33393 | SL: 1.32793
2025-08-05 17:25:29,828 - INFO -    Risk: $200.00
2025-08-05 17:25:29,828 - INFO -    Signal: 0.105 | Confidence: 0.676
2025-08-05 17:25:30,492 - INFO - 🔵 OPENED LONG USDJPY=X
2025-08-05 17:25:30,493 - INFO -    Entry: 147.39350
2025-08-05 17:25:30,493 - INFO -    TP: 147.79350 | SL: 147.19350
2025-08-05 17:25:30,493 - INFO -    Risk: $200.00
2025-08-05 17:25:30,493 - INFO -    Signal: 0.090 | Confidence: 0.686
2025-08-05 17:25:56,298 - WARNING - Insufficient data for EURUSD=X
2025-08-05 17:25:56,422 - WARNING - Insufficient data for GBPUSD=X
2025-08-05 17:25:56,552 - WARNING - Insufficient data for USDJPY=X
2025-08-05 17:25:56,553 - INFO - Trading system stopped
2025-08-05 17:26:52,597 - INFO - Loading enhanced models...
2025-08-05 17:26:54,503 - INFO - ✅ Enhanced model loaded: EURUSD=X
2025-08-05 17:26:54,618 - INFO - ✅ Enhanced model loaded: GBPUSD=X
2025-08-05 17:26:54,732 - INFO - ✅ Enhanced model loaded: USDJPY=X
2025-08-05 17:26:54,732 - INFO - 📊 Enhanced models ready: 3
2025-08-05 17:26:54,732 - INFO - 🚀 Starting live trading loop...
2025-08-05 17:26:56,177 - INFO - 🔵 OPENED SHORT EURUSD=X
2025-08-05 17:26:56,177 - INFO -    Entry: 1.15800
2025-08-05 17:26:56,177 - INFO -    TP: 1.15400 | SL: 1.16000
2025-08-05 17:26:56,177 - INFO -    Risk: $200.00
2025-08-05 17:26:56,177 - INFO -    Signal: 0.072 | Confidence: 0.640
2025-08-05 17:26:56,848 - INFO - 🔵 OPENED LONG GBPUSD=X
2025-08-05 17:26:56,848 - INFO -    Entry: 1.33009
2025-08-05 17:26:56,848 - INFO -    TP: 1.33409 | SL: 1.32809
2025-08-05 17:26:56,848 - INFO -    Risk: $200.00
2025-08-05 17:26:56,848 - INFO -    Signal: 0.105 | Confidence: 0.676
2025-08-05 17:26:57,496 - INFO - 🔵 OPENED LONG USDJPY=X
2025-08-05 17:26:57,496 - INFO -    Entry: 147.38850
2025-08-05 17:26:57,496 - INFO -    TP: 147.78850 | SL: 147.18850
2025-08-05 17:26:57,496 - INFO -    Risk: $200.00
2025-08-05 17:26:57,496 - INFO -    Signal: 0.090 | Confidence: 0.686
2025-08-05 17:27:23,193 - WARNING - Insufficient data for EURUSD=X
2025-08-05 17:27:23,326 - WARNING - Insufficient data for GBPUSD=X
2025-08-05 17:27:23,464 - WARNING - Insufficient data for USDJPY=X
2025-08-05 17:27:23,464 - INFO - Trading system stopped
2025-08-06 11:37:39,350 - INFO - Loading enhanced models...
2025-08-06 11:37:41,963 - INFO - ✅ Enhanced model loaded: EURUSD=X
2025-08-06 11:37:42,072 - INFO - ✅ Enhanced model loaded: GBPUSD=X
2025-08-06 11:37:42,180 - INFO - ✅ Enhanced model loaded: USDJPY=X
2025-08-06 11:37:42,180 - INFO - 📊 Enhanced models ready: 3
2025-08-06 11:37:42,181 - INFO - 🚀 Starting live trading loop...
2025-08-06 11:39:06,562 - INFO - Trading system stopped
2025-08-06 11:41:09,068 - INFO - Bot initialized. Authorized users: [755020990]
2025-08-06 11:41:09,110 - INFO - 🤖 Telegram bot started!
2025-08-06 11:41:09,110 - INFO - 💡 Send /start to begin
2025-08-06 11:41:09,518 - INFO - HTTP Request: POST https://api.telegram.org/bot8276493068:AAEXJXoOsG0jmXn6BIp5ikf-ZzW8nG0_gzk/getMe "HTTP/1.1 200 OK"
2025-08-06 11:41:09,623 - INFO - HTTP Request: POST https://api.telegram.org/bot8276493068:AAEXJXoOsG0jmXn6BIp5ikf-ZzW8nG0_gzk/deleteWebhook "HTTP/1.1 200 OK"
2025-08-06 11:41:09,624 - INFO - Application started
2025-08-06 11:41:19,268 - INFO - HTTP Request: POST https://api.telegram.org/bot8276493068:AAEXJXoOsG0jmXn6BIp5ikf-ZzW8nG0_gzk/getUpdates "HTTP/1.1 200 OK"
2025-08-06 11:41:19,611 - INFO - HTTP Request: POST https://api.telegram.org/bot8276493068:AAEXJXoOsG0jmXn6BIp5ikf-ZzW8nG0_gzk/sendMessage "HTTP/1.1 200 OK"
2025-08-06 11:41:22,158 - INFO - HTTP Request: POST https://api.telegram.org/bot8276493068:AAEXJXoOsG0jmXn6BIp5ikf-ZzW8nG0_gzk/getUpdates "HTTP/1.1 200 OK"
2025-08-06 11:41:22,258 - INFO - HTTP Request: POST https://api.telegram.org/bot8276493068:AAEXJXoOsG0jmXn6BIp5ikf-ZzW8nG0_gzk/answerCallbackQuery "HTTP/1.1 200 OK"
2025-08-06 11:41:22,422 - INFO - HTTP Request: POST https://api.telegram.org/bot8276493068:AAEXJXoOsG0jmXn6BIp5ikf-ZzW8nG0_gzk/editMessageText "HTTP/1.1 200 OK"
2025-08-06 11:41:26,028 - INFO - HTTP Request: POST https://api.telegram.org/bot8276493068:AAEXJXoOsG0jmXn6BIp5ikf-ZzW8nG0_gzk/getUpdates "HTTP/1.1 200 OK"
2025-08-06 11:41:26,171 - INFO - HTTP Request: POST https://api.telegram.org/bot8276493068:AAEXJXoOsG0jmXn6BIp5ikf-ZzW8nG0_gzk/sendMessage "HTTP/1.1 200 OK"
2025-08-06 11:41:27,423 - INFO - HTTP Request: POST https://api.telegram.org/bot8276493068:AAEXJXoOsG0jmXn6BIp5ikf-ZzW8nG0_gzk/getUpdates "HTTP/1.1 200 OK"
2025-08-06 11:41:27,544 - INFO - HTTP Request: POST https://api.telegram.org/bot8276493068:AAEXJXoOsG0jmXn6BIp5ikf-ZzW8nG0_gzk/answerCallbackQuery "HTTP/1.1 200 OK"
2025-08-06 11:41:27,663 - INFO - HTTP Request: POST https://api.telegram.org/bot8276493068:AAEXJXoOsG0jmXn6BIp5ikf-ZzW8nG0_gzk/editMessageText "HTTP/1.1 200 OK"
2025-08-06 11:41:27,664 - INFO - Loading enhanced models...
2025-08-06 11:41:29,481 - INFO - ✅ Enhanced model loaded: EURUSD=X
2025-08-06 11:41:29,592 - INFO - ✅ Enhanced model loaded: GBPUSD=X
2025-08-06 11:41:29,699 - INFO - ✅ Enhanced model loaded: USDJPY=X
2025-08-06 11:41:29,699 - INFO - 📊 Enhanced models ready: 3
2025-08-06 11:41:30,836 - INFO - HTTP Request: POST https://api.telegram.org/bot8276493068:AAEXJXoOsG0jmXn6BIp5ikf-ZzW8nG0_gzk/editMessageText "HTTP/1.1 200 OK"
2025-08-06 11:42:30,835 - INFO - Bot initialized. Authorized users: [755020990]
2025-08-06 11:42:30,869 - INFO - 🤖 Telegram bot started!
2025-08-06 11:42:30,869 - INFO - 💡 Send /start to begin
2025-08-06 11:42:31,161 - INFO - HTTP Request: POST https://api.telegram.org/bot8276493068:AAEXJXoOsG0jmXn6BIp5ikf-ZzW8nG0_gzk/getMe "HTTP/1.1 200 OK"
2025-08-06 11:42:31,238 - INFO - HTTP Request: POST https://api.telegram.org/bot8276493068:AAEXJXoOsG0jmXn6BIp5ikf-ZzW8nG0_gzk/deleteWebhook "HTTP/1.1 200 OK"
2025-08-06 11:42:31,238 - INFO - Application started
2025-08-06 11:42:35,750 - INFO - HTTP Request: POST https://api.telegram.org/bot8276493068:AAEXJXoOsG0jmXn6BIp5ikf-ZzW8nG0_gzk/getUpdates "HTTP/1.1 200 OK"
2025-08-06 11:42:35,750 - INFO - Application is stopping. This might take a moment.
2025-08-06 11:42:35,768 - INFO - Application.stop() complete
2025-08-06 11:42:43,427 - INFO - Loading enhanced models...
2025-08-06 11:42:45,301 - INFO - ✅ Enhanced model loaded: EURUSD=X
2025-08-06 11:42:45,411 - INFO - ✅ Enhanced model loaded: GBPUSD=X
2025-08-06 11:42:45,524 - INFO - ✅ Enhanced model loaded: USDJPY=X
2025-08-06 11:42:45,524 - INFO - 📊 Enhanced models ready: 3
2025-08-06 11:42:45,525 - INFO - 🚀 Starting live trading loop...
2025-08-06 11:44:53,873 - INFO - Trading system stopped
2025-08-06 11:45:00,334 - INFO - Loading enhanced models...
2025-08-06 11:45:02,160 - INFO - ✅ Enhanced model loaded: EURUSD=X
2025-08-06 11:45:02,267 - INFO - ✅ Enhanced model loaded: GBPUSD=X
2025-08-06 11:45:02,375 - INFO - ✅ Enhanced model loaded: USDJPY=X
2025-08-06 11:45:02,375 - INFO - 📊 Enhanced models ready: 3
2025-08-06 11:45:49,719 - INFO - Loading enhanced models...
2025-08-06 11:45:51,720 - INFO - ✅ Enhanced model loaded: EURUSD=X
2025-08-06 11:45:51,836 - INFO - ✅ Enhanced model loaded: GBPUSD=X
2025-08-06 11:45:51,950 - INFO - ✅ Enhanced model loaded: USDJPY=X
2025-08-06 11:45:51,950 - INFO - 📊 Enhanced models ready: 3
2025-08-06 11:50:00,652 - INFO - Loading enhanced models...
2025-08-06 11:50:02,582 - INFO - ✅ Enhanced model loaded: EURUSD=X
2025-08-06 11:50:02,696 - INFO - ✅ Enhanced model loaded: GBPUSD=X
2025-08-06 11:50:02,809 - INFO - ✅ Enhanced model loaded: USDJPY=X
2025-08-06 11:50:02,809 - INFO - 📊 Enhanced models ready: 3
